ARM Linker, 5.03 [Build 76] [MDK-ARM Standard]

==============================================================================

Section Cross References

    startup.o(STACK) refers (Special) to heapauxi.o(.text) for __use_two_region_memory
    startup.o(HEAP) refers (Special) to heapauxi.o(.text) for __use_two_region_memory
    startup.o(RESET) refers (Special) to heapauxi.o(.text) for __use_two_region_memory
    startup.o(RESET) refers to startup.o(STACK) for StackMem
    startup.o(RESET) refers to ccdandcsb.o(.text) for GPIO_INT_E
    startup.o(RESET) refers to uart_user.o(.text) for UART0IntHandler
    startup.o(RESET) refers to timer_user.o(.text) for Timer0IntHandler
    startup.o(RESET) refers to main.o(.text) for reg_int_handler
    startup.o(RESET) refers to __main.o(!!!main) for __main
    startup.o(.text) refers (Special) to heapauxi.o(.text) for __use_two_region_memory
    startup.o(.text) refers to startup.o(HEAP) for HeapMem
    startup.o(.text) refers to startup.o(STACK) for StackMem
    inv_mpu.o(.text) refers to rt_memcpy_w.o(.text) for __aeabi_memcpy4
    inv_mpu.o(.text) refers to sysctl.o(i.SysCtlPeripheralEnable) for SysCtlPeripheralEnable
    inv_mpu.o(.text) refers to gpio.o(i.GPIOPinTypeGPIOInput) for GPIOPinTypeGPIOInput
    inv_mpu.o(.text) refers to gpio.o(i.GPIOPadConfigSet) for GPIOPadConfigSet
    inv_mpu.o(.text) refers to gpio.o(i.GPIOIntTypeSet) for GPIOIntTypeSet
    inv_mpu.o(.text) refers to gpio.o(i.GPIOPinIntEnable) for GPIOPinIntEnable
    inv_mpu.o(.text) refers to interrupt.o(i.IntEnable) for IntEnable
    inv_mpu.o(.text) refers to mpu6050.o(.text) for IIC_IO_MultipleWrite
    inv_mpu.o(.text) refers to uartstdio.o(.text) for UARTprintf
    inv_mpu.o(.text) refers to sys.o(.text) for Delay_ms
    inv_mpu.o(.text) refers to inv_mpu.o(.bss) for reg_int_param
    inv_mpu.o(.text) refers to inv_mpu.o(.data) for st
    inv_mpu.o(.text) refers to inv_mpu.o(.constdata) for .constdata
    inv_mpu.o(.text) refers to llsdiv.o(.text) for __aeabi_ldivmod
    inv_mpu.o(.text) refers to memcmp.o(.text) for memcmp
    inv_mpu.o(.data) refers to inv_mpu.o(.constdata) for reg
    inv_mpu_dmp_motion_driver.o(.text) refers to inv_mpu.o(.text) for mpu_load_firmware
    inv_mpu_dmp_motion_driver.o(.text) refers to inv_mpu_dmp_motion_driver.o(.constdata) for dmp_memory
    inv_mpu_dmp_motion_driver.o(.text) refers to inv_mpu_dmp_motion_driver.o(.bss) for dmp
    inv_mpu_dmp_motion_driver.o(.text) refers to aeabi_memset.o(.text) for __aeabi_memset
    inv_mpu_dmp_motion_driver.o(.text) refers to sys.o(.text) for Get_ms
    debug.o(.text) refers to c89vsprintf.o(.text) for __c89vsprintf
    debug.o(.text) refers to uartstdio.o(.text) for UARTprintf
    debug.o(.text) refers to debug.o(.bss) for debug_buffer
    main.o(.text) refers to gpio.o(i.GPIOPinIntStatus) for GPIOPinIntStatus
    main.o(.text) refers to gpio.o(i.GPIOPinIntClear) for GPIOPinIntClear
    main.o(.text) refers to fpu.o(i.FPUEnable) for FPUEnable
    main.o(.text) refers to fpu.o(i.FPULazyStackingEnable) for FPULazyStackingEnable
    main.o(.text) refers to sys.o(.text) for ClockInit
    main.o(.text) refers to ccdandcsb.o(.text) for intCHAOSHENGBO
    main.o(.text) refers to uart_user.o(.text) for InitConsole0
    main.o(.text) refers to ap_opticalflow_adns3080.o(.text) for SPI_Init
    main.o(.text) refers to pwm.o(.text) for PWM_Init
    main.o(.text) refers to mpu6050.o(.text) for I2C_Init
    main.o(.text) refers to mpu_tool.o(.text) for dmp_init
    main.o(.text) refers to arducopter.o(.text) for arducopter_init
    main.o(.text) refers to timer_user.o(.text) for Timer01Init
    main.o(.text) refers to cmd.o(.text) for Cmd_ReceiveHandler
    main.o(.text) refers to inv_mpu.o(.bss) for reg_int_param
    main.o(.text) refers to arducopter.o(.data) for height_current
    main.o(.text) refers to uart_user.o(.data) for BUFFER
    mpu_tool.o(.text) refers to f2d.o(x$fpl$f2d) for __aeabi_f2d
    mpu_tool.o(.text) refers to drleqf.o(x$fpl$drleqf) for __aeabi_cdrcmple
    mpu_tool.o(.text) refers to dleqf.o(x$fpl$dleqf) for __aeabi_cdcmple
    mpu_tool.o(.text) refers to asin.o(i.__hardfp_asin) for __hardfp_asin
    mpu_tool.o(.text) refers to d2f.o(x$fpl$d2f) for __aeabi_d2f
    mpu_tool.o(.text) refers to dmul.o(x$fpl$dmul) for __aeabi_dmul
    mpu_tool.o(.text) refers to daddsub_clz.o(x$fpl$dadd) for __aeabi_dadd
    mpu_tool.o(.text) refers to daddsub_clz.o(x$fpl$drsb) for __aeabi_drsub
    mpu_tool.o(.text) refers to atan2.o(i.__hardfp_atan2) for __hardfp_atan2
    mpu_tool.o(.text) refers to basic.o(x$fpl$basic) for __aeabi_dneg
    mpu_tool.o(.text) refers to ddiv.o(x$fpl$ddiv) for __aeabi_ddiv
    mpu_tool.o(.text) refers to daddsub_clz.o(x$fpl$dsub) for __aeabi_dsub
    mpu_tool.o(.text) refers to mpu6050.o(.bss) for Q_ANGLE
    mpu_tool.o(.text) refers to rt_memclr_w.o(.text) for __aeabi_memclr4
    mpu_tool.o(.text) refers to sqrt.o(i.__hardfp_sqrt) for __hardfp_sqrt
[...]
    dmp_set_shake_reject_time                0x000030c9   Thumb Code    38  inv_mpu_dmp_motion_driver.o(.text)
    dmp_set_shake_reject_timeout             0x000030ef   Thumb Code    38  inv_mpu_dmp_motion_driver.o(.text)
    dmp_get_pedometer_step_count             0x00003115   Thumb Code    66  inv_mpu_dmp_motion_driver.o(.text)
    dmp_set_pedometer_step_count             0x00003157   Thumb Code    42  inv_mpu_dmp_motion_driver.o(.text)
    dmp_get_pedometer_walk_time              0x00003181   Thumb Code    72  inv_mpu_dmp_motion_driver.o(.text)
    dmp_set_pedometer_walk_time              0x000031c9   Thumb Code    48  inv_mpu_dmp_motion_driver.o(.text)
    dmp_enable_6x_lp_quat                    0x000031f9   Thumb Code   100  inv_mpu_dmp_motion_driver.o(.text)
    dmp_enable_lp_quat                       0x0000325d   Thumb Code    60  inv_mpu_dmp_motion_driver.o(.text)
    dmp_enable_gyro_cal                      0x00003299   Thumb Code    62  inv_mpu_dmp_motion_driver.o(.text)
    dmp_enable_feature                       0x000032d7   Thumb Code   530  inv_mpu_dmp_motion_driver.o(.text)
    dmp_get_enabled_features                 0x000034e9   Thumb Code    12  inv_mpu_dmp_motion_driver.o(.text)
    dmp_set_interrupt_mode                   0x00003553   Thumb Code    66  inv_mpu_dmp_motion_driver.o(.text)
    dmp_read_fifo                            0x00003595   Thumb Code   514  inv_mpu_dmp_motion_driver.o(.text)
    dmp_register_tap_cb                      0x00003797   Thumb Code    10  inv_mpu_dmp_motion_driver.o(.text)
    dmp_register_android_orient_cb           0x000037a1   Thumb Code    10  inv_mpu_dmp_motion_driver.o(.text)
    debug_printf                             0x000037b1   Thumb Code    34  debug.o(.text)
    reg_int_handler                          0x000037d9   Thumb Code    32  main.o(.text)
    UART5Intcsb                              0x000037f9   Thumb Code    88  main.o(.text)
    main                                     0x00003851   Thumb Code    90  main.o(.text)
    dmpsafe_asin                             0x000038c1   Thumb Code   170  mpu_tool.o(.text)
    DMPDriverReport                          0x0000396b   Thumb Code  1374  mpu_tool.o(.text)
    send_packet                              0x00003ec9   Thumb Code    60  mpu_tool.o(.text)
    DMPangle                                 0x00003f05   Thumb Code  1278  mpu_tool.o(.text)
    print_dmp                                0x00004481   Thumb Code   906  mpu_tool.o(.text)
    ouputhandler                             0x0000480b   Thumb Code   290  mpu_tool.o(.text)
    mpu_tool_2                               0x0000492d   Thumb Code   160  mpu_tool.o(.text)
    Self_Test                                0x000049cd   Thumb Code   226  mpu_tool.o(.text)
    mpu_tool                                 0x00004aaf   Thumb Code   186  mpu_tool.o(.text)
    dmp_init                                 0x00004b69   Thumb Code   164  mpu_tool.o(.text)
    Control                                  0x00004c0d   Thumb Code    28  mpu_tool.o(.text)
    intCHAOSHENGBO                           0x00004c51   Thumb Code    74  ccdandcsb.o(.text)
    InitCSB_IO                               0x00004c9b   Thumb Code    78  ccdandcsb.o(.text)
    GPIO_INT_E                               0x00004ce9   Thumb Code   160  ccdandcsb.o(.text)
    CSB_FS                                   0x00004d89   Thumb Code    42  ccdandcsb.o(.text)
    intadc                                   0x00004db3   Thumb Code    48  ccdandcsb.o(.text)
    adc1                                     0x00004de3   Thumb Code    56  ccdandcsb.o(.text)
    intccd                                   0x00004e1b   Thumb Code    24  ccdandcsb.o(.text)
    caiji                                    0x00004e33   Thumb Code   136  ccdandcsb.o(.text)
    ccd                                      0x00004ebb   Thumb Code   810  ccdandcsb.o(.text)
    control_on_or_off                        0x000051f9   Thumb Code    48  cmd.o(.text)
    control_attitude_set                     0x00005229   Thumb Code   138  cmd.o(.text)
    control_up_or_down                       0x000052b3   Thumb Code    46  cmd.o(.text)
    cmd_receiveDataAnal                      0x000052e1   Thumb Code   112  cmd.o(.text)
    cmd_recevie_checkEvent                   0x00005351   Thumb Code   238  cmd.o(.text)
    Cmd_ReceiveHandler                       0x0000543f   Thumb Code   526  cmd.o(.text)
    auto_landing                             0x0000564d   Thumb Code    18  cmd.o(.text)
    exception                                0x0000565f   Thumb Code   192  cmd.o(.text)
    return_angle                             0x0000571f   Thumb Code    22  cmd.o(.text)
    return_hight                             0x00005735   Thumb Code    14  cmd.o(.text)
    return_motor                             0x00005743   Thumb Code    22  cmd.o(.text)
    return_key                               0x00005759   Thumb Code    14  cmd.o(.text)
    return_position                          0x00005767   Thumb Code    18  cmd.o(.text)
    return_target_angle                      0x00005779   Thumb Code    18  cmd.o(.text)
    inerDelay_us                             0x0000581d   Thumb Code    24  ap_opticalflow_adns3080.o(.text)
    update_conversion_factors                0x00005835   Thumb Code    72  ap_opticalflow_adns3080.o(.text)
    IO_Init                                  0x0000587d   Thumb Code   266  ap_opticalflow_adns3080.o(.text)
    SPI_RW                                   0x00005987   Thumb Code    94  ap_opticalflow_adns3080.o(.text)
    SPI_RW_Reg                               0x000059e5   Thumb Code    40  ap_opticalflow_adns3080.o(.text)
    SPI_Read                                 0x00005a0d   Thumb Code    42  ap_opticalflow_adns3080.o(.text)
    AP_OpticalFlow_ADNS3080_init             0x00005a37   Thumb Code   178  ap_opticalflow_adns3080.o(.text)
    RF24L01_IO_set                           0x00005ae9   Thumb Code   212  ap_opticalflow_adns3080.o(.text)
    SPI_Init                                 0x00005bbd   Thumb Code    12  ap_opticalflow_adns3080.o(.text)
    Reset_ADNS3080                           0x00005bc9   Thumb Code    22  ap_opticalflow_adns3080.o(.text)
    AP_OpticalFlow_ADNS3080_update           0x00005bdf   Thumb Code   210  ap_opticalflow_adns3080.o(.text)
    AP_OpticalFlow_ADNS3080_read             0x00005cb1   Thumb Code    30  ap_opticalflow_adns3080.o(.text)
    clear_motion                             0x00005ccf   Thumb Code    42  ap_opticalflow_adns3080.o(.text)
    print_pixel_data                         0x00005cf9   Thumb Code    78  ap_opticalflow_adns3080.o(.text)
    SPI_Read_Buf                             0x00005d47   Thumb Code    56  ap_opticalflow_adns3080.o(.text)
    SPI_Write_Buf                            0x00005d7f   Thumb Code    56  ap_opticalflow_adns3080.o(.text)
    set_field_of_view                        0x00005dd9   Thumb Code     8  ap_opticalflow.o(.text)
    ADNS3080_update_position                 0x00005de1   Thumb Code   420  ap_opticalflow.o(.text)
    position_update                          0x00005f85   Thumb Code     8  ap_opticalflow.o(.text)
    delayus                                  0x00005fd9   Thumb Code    26  mpu6050.o(.text)
    I2C_Stop                                 0x00005ff3   Thumb Code    44  mpu6050.o(.text)
    I2C_Wait_Ack                             0x0000601f   Thumb Code   102  mpu6050.o(.text)
    I2C_SendByte                             0x00006085   Thumb Code   108  mpu6050.o(.text)
    I2C_Start                                0x000060f1   Thumb Code    54  mpu6050.o(.text)
    I2C_WR_Reg                               0x00006127   Thumb Code    46  mpu6050.o(.text)
    I2C_Init                                 0x00006155   Thumb Code    40  mpu6050.o(.text)
    MPU6050_Init                             0x0000617d   Thumb Code    48  mpu6050.o(.text)
    I2C_Ack                                  0x000061ad   Thumb Code    70  mpu6050.o(.text)
    I2C_NAck                                 0x000061f3   Thumb Code    64  mpu6050.o(.text)
    I2C_ReadByte                             0x00006233   Thumb Code   110  mpu6050.o(.text)
    I2C_ReadByte2                            0x000062a1   Thumb Code    96  mpu6050.o(.text)
    I2C_RD_Reg                               0x00006301   Thumb Code    60  mpu6050.o(.text)
    IIC_IO_MultipleWrite                     0x0000633d   Thumb Code    80  mpu6050.o(.text)
    IIC_IO_MultipleRead                      0x0000638d   Thumb Code   166  mpu6050.o(.text)
    delayms                                  0x00006433   Thumb Code    28  mpu6050.o(.text)
    MPU6050_GetData                          0x0000644f   Thumb Code    30  mpu6050.o(.text)
    MPU6050_RD_XYZ                           0x0000646d   Thumb Code    34  mpu6050.o(.text)
    MPU6050_RD_AvgVal                        0x0000648f   Thumb Code   104  mpu6050.o(.text)
    MPU6050_RD_AngleVelocity                 0x000064f7   Thumb Code    34  mpu6050.o(.text)
    MPU6050_Read_Average                     0x00006519   Thumb Code   142  mpu6050.o(.text)
    MPU6050_Get_Angle                        0x000065a7   Thumb Code   452  mpu6050.o(.text)
    MPU6050_Dataanl                          0x0000676b   Thumb Code    24  mpu6050.o(.text)
    UARTStdioInitExpClk                      0x000067a5   Thumb Code   106  uartstdio.o(.text)
    UARTStdioInit                            0x0000680f   Thumb Code    16  uartstdio.o(.text)
    UARTwrite                                0x0000681f   Thumb Code    58  uartstdio.o(.text)
    UARTgets                                 0x00006859   Thumb Code   138  uartstdio.o(.text)
    UARTgetc                                 0x000068e3   Thumb Code    20  uartstdio.o(.text)
    UARTprintf                               0x000068f7   Thumb Code   592  uartstdio.o(.text)
    InitConsole0                             0x00006b71   Thumb Code    78  uart_user.o(.text)
    InitConsole1                             0x00006bbf   Thumb Code    80  uart_user.o(.text)
    UART0IntHandler                          0x00006c0f   Thumb Code   206  uart_user.o(.text)
    uart_transmitIdleBufferSize              0x00006d11   Thumb Code    42  usart.o(.text)
    uart_transmitValidBufferSize             0x00006d3b   Thumb Code    40  usart.o(.text)
    uart_transmitAByte                       0x00006d63   Thumb Code    24  usart.o(.text)
    uart_transmit                            0x00006d7b   Thumb Code    68  usart.o(.text)
    uart_receiveValidBufferSize              0x00006dbf   Thumb Code    40  usart.o(.text)
    uart_receivePushToBuffer                 0x00006de7   Thumb Code    46  usart.o(.text)
    uart_readReceiveBuffer                   0x00006e15   Thumb Code    68  usart.o(.text)
    SysTickIntHandler                        0x00006e5d   Thumb Code    12  sys.o(.text)
    ClockInit                                0x00006e69   Thumb Code    56  sys.o(.text)
    Get_ms                                   0x00006ea1   Thumb Code     6  sys.o(.text)
    Delay_us                                 0x00006ea7   Thumb Code    36  sys.o(.text)
    Delay_ms                                 0x00006ecb   Thumb Code    22  sys.o(.text)
    Timer01Init                              0x00006eed   Thumb Code   176  timer_user.o(.text)
    Timer01Stop                              0x00006f9d   Thumb Code    18  timer_user.o(.text)
    Timer01Start                             0x00006faf   Thumb Code    18  timer_user.o(.text)
    Timer0IntHandler                         0x00006fc1   Thumb Code   106  timer_user.o(.text)
    _FC_PI_init                              0x0000704d   Thumb Code    22  fc_pi.o(.text)
    _FC_PI_get_p                             0x00007063   Thumb Code    28  fc_pi.o(.text)
    _FC_PI_get_i                             0x0000707f   Thumb Code   116  fc_pi.o(.text)
    _FC_PI_get_pi                            0x000070f3   Thumb Code    36  fc_pi.o(.text)
    fc_pid_init                              0x0000711d   Thumb Code    34  fc_pid.o(.text)
    fc_pid_get_d                             0x0000713f   Thumb Code   124  fc_pid.o(.text)
    fc_pid_get_i                             0x000071bb   Thumb Code   134  fc_pid.o(.text)
    fc_pid_get_p                             0x00007241   Thumb Code    28  fc_pid.o(.text)
    fc_pid_get_pid                           0x0000725d   Thumb Code    50  fc_pid.o(.text)
    fc_pid_get_pi                            0x0000728f   Thumb Code    36  fc_pid.o(.text)
    fc_pid_get_d2                            0x000072b3   Thumb Code   266  fc_pid.o(.text)
    fc_pid_get_leaky_i                       0x000073bd   Thumb Code   150  fc_pid.o(.text)
    fc_pid_reset_I                           0x00007453   Thumb Code    14  fc_pid.o(.text)
    calc_pid_position                        0x00007461   Thumb Code   208  fc_pid.o(.text)
    _Parameters_init                         0x00007531   Thumb Code   274  parameters.o(.text)
    ap_motors_quard_add_motor_raw            0x000076a1   Thumb Code    38  ap_motorsquard.o(.text)
    ap_motors_quard_add_motor                0x000076c7   Thumb Code   204  ap_motorsquard.o(.text)
    ap_motors_quard_init                     0x00007793   Thumb Code   126  ap_motorsquard.o(.text)
    ap_motors_quard_reached_limit            0x00007811   Thumb Code     8  ap_motorsquard.o(.text)
    ap_motors_quard_output_armed             0x00007819   Thumb Code   962  ap_motorsquard.o(.text)
    jiasu                                    0x00007bdb   Thumb Code    32  ap_motorsquard.o(.text)
    jiansu                                   0x00007bfb   Thumb Code    32  ap_motorsquard.o(.text)
    PWM_Init                                 0x00007c1d   Thumb Code   216  pwm.o(.text)
    PWM_Set                                  0x00007cf5   Thumb Code   412  pwm.o(.text)
    arducopter_init                          0x00007ec1   Thumb Code   162  arducopter.o(.text)
    set_servos_4                             0x00007f63   Thumb Code    10  arducopter.o(.text)
    update_throttle_servo_out                0x00007f6d   Thumb Code    76  arducopter.o(.text)
    run_rate_controllers                     0x00007fb9   Thumb Code    82  arducopter.o(.text)
    update_rate_contoller_targets            0x0000800b   Thumb Code   162  arducopter.o(.text)
    update_roll_pitch_mode                   0x000080ad   Thumb Code    20  arducopter.o(.text)
    update_yaw_mode                          0x000080c1   Thumb Code    12  arducopter.o(.text)
    update_point_control                     0x000080cd   Thumb Code   160  arducopter.o(.text)
    read_inertia                             0x0000816d   Thumb Code   282  arducopter.o(.text)
    read_AHRS                                0x00008287   Thumb Code   646  arducopter.o(.text)
    arducopter_fast_loop                     0x0000850d   Thumb Code    32  arducopter.o(.text)
    goto_height                              0x0000852d   Thumb Code     6  arducopter.o(.text)
    move_forward                             0x00008533   Thumb Code     8  arducopter.o(.text)
    move_backward                            0x0000853b   Thumb Code    10  arducopter.o(.text)
    middle_pitch                             0x00008545   Thumb Code     8  arducopter.o(.text)
    move_left                                0x0000854d   Thumb Code     8  arducopter.o(.text)
    middle_roll                              0x00008555   Thumb Code     8  arducopter.o(.text)
    move_right                               0x0000855d   Thumb Code    10  arducopter.o(.text)
    do_basic_low_height_task                 0x00008567   Thumb Code    72  arducopter.o(.text)
    get_stabilize_roll                       0x000085f5   Thumb Code   172  rate_controller.o(.text)
    get_stabilize_pitch                      0x000086a1   Thumb Code   172  rate_controller.o(.text)
    get_stabilize_yaw                        0x0000874d   Thumb Code    80  rate_controller.o(.text)
    get_rate_roll                            0x0000879d   Thumb Code   186  rate_controller.o(.text)
    get_rate_pitch                           0x00008857   Thumb Code   186  rate_controller.o(.text)
    get_rate_yaw                             0x00008911   Thumb Code   186  rate_controller.o(.text)
    rc_channel_init                          0x00008a1d   Thumb Code    30  rc_channel.o(.text)
    rc_channel_set_range                     0x00008a3b   Thumb Code    14  rc_channel.o(.text)
    rc_channel_set_angle                     0x00008a49   Thumb Code     8  rc_channel.o(.text)
    rc_channel_range_to_pwm                  0x00008a51   Thumb Code    28  rc_channel.o(.text)
    rc_channel_calc_pwm                      0x00008a6d   Thumb Code   140  rc_channel.o(.text)
    rc_channel_angle_to_pwm                  0x00008af9   Thumb Code    56  rc_channel.o(.text)
    safe_asin                                0x00008b39   Thumb Code   170  ap_math.o(.text)
    long_to_string                           0x00008be3   Thumb Code   144  ap_math.o(.text)
    safe_sqrt                                0x00008c73   Thumb Code    76  ap_math.o(.text)
    wrap_360                                 0x00008cbf   Thumb Code    22  ap_math.o(.text)
    wrap_180                                 0x00008cd5   Thumb Code    26  ap_math.o(.text)
    finite                                   0x00008cef   Thumb Code     4  ap_math.o(.text)
    float_to_str                             0x00008cf3   Thumb Code   330  ap_math.o(.text)
    matrix3f_equal                           0x00008e5d   Thumb Code    52  matrix3f.o(.text)
    matrix3f_is_nan                          0x00008e91   Thumb Code    40  matrix3f.o(.text)
    matrix3f_plus                            0x00008eb9   Thumb Code    92  matrix3f.o(.text)
    matrix3f_minus                           0x00008f15   Thumb Code    92  matrix3f.o(.text)
    matrix3f_multiply_by_coefficient         0x00008f71   Thumb Code   104  matrix3f.o(.text)
    matrix3f_divide_by_coefficient           0x00008fd9   Thumb Code   104  matrix3f.o(.text)
    matrix3f_multiply                        0x00009041   Thumb Code   384  matrix3f.o(.text)
    matrix3f_multiply_by_vector3f            0x000091c1   Thumb Code   136  matrix3f.o(.text)
    matrix3f_mul_transpose                   0x00009249   Thumb Code   136  matrix3f.o(.text)
    matrix3f_transposed                      0x000092d1   Thumb Code    94  matrix3f.o(.text)
    matrix3f_zero                            0x0000932f   Thumb Code    74  matrix3f.o(.text)
    matrix3f_identity                        0x00009379   Thumb Code    36  matrix3f.o(.text)
    matrix3f_rotate                          0x0000939d   Thumb Code   284  matrix3f.o(.text)
    matrix3f_from_euler                      0x000094b9   Thumb Code   394  matrix3f.o(.text)
    matrix3f_to_euler                        0x00009643   Thumb Code   218  matrix3f.o(.text)
    vector3f_equal                           0x0000971d   Thumb Code    64  vector3f.o(.text)
    vector3f_init                            0x0000975d   Thumb Code    52  vector3f.o(.text)
    vector3f_plus                            0x00009791   Thumb Code    64  vector3f.o(.text)
    vector3f_minus                           0x000097d1   Thumb Code    64  vector3f.o(.text)
    vector3f_multiply                        0x00009811   Thumb Code    38  vector3f.o(.text)
    vector3f_multiply_by_coefficient         0x00009837   Thumb Code    56  vector3f.o(.text)
    vector3f_divide_by_coefficient           0x0000986f   Thumb Code    56  vector3f.o(.text)
    vector3f_cross_product                   0x000098a7   Thumb Code   100  vector3f.o(.text)
    vector3f_length                          0x0000990b   Thumb Code    68  vector3f.o(.text)
    vector3f_is_nan                          0x0000994f   Thumb Code    60  vector3f.o(.text)
    vector3f_is_inf                          0x0000998b   Thumb Code    54  vector3f.o(.text)
    Vector3_rotate                           0x000099c1   Thumb Code   844  vector3f.o(.text)
    delay_millis                             0x00009d1d   Thumb Code    26  delay.o(.text)
    __aeabi_ldivmod                          0x00009d37   Thumb Code     0  llsdiv.o(.text)
    _ll_sdiv                                 0x00009d37   Thumb Code    72  llsdiv.o(.text)
    __c89vsprintf                            0x00009d81   Thumb Code    32  c89vsprintf.o(.text)
    memcmp                                   0x00009da5   Thumb Code    88  memcmp.o(.text)
    __aeabi_memcpy                           0x00009dfd   Thumb Code     0  rt_memcpy_v6.o(.text)
    __rt_memcpy                              0x00009dfd   Thumb Code   138  rt_memcpy_v6.o(.text)
    _memcpy_lastbytes                        0x00009e63   Thumb Code     0  rt_memcpy_v6.o(.text)
    __aeabi_memcpy4                          0x00009e87   Thumb Code     0  rt_memcpy_w.o(.text)
    __aeabi_memcpy8                          0x00009e87   Thumb Code     0  rt_memcpy_w.o(.text)
    __rt_memcpy_w                            0x00009e87   Thumb Code   100  rt_memcpy_w.o(.text)
    _memcpy_lastbytes_aligned                0x00009ecf   Thumb Code     0  rt_memcpy_w.o(.text)
    __aeabi_memset                           0x00009eeb   Thumb Code    16  aeabi_memset.o(.text)
    __aeabi_memclr4                          0x00009efb   Thumb Code     0  rt_memclr_w.o(.text)
    __aeabi_memclr8                          0x00009efb   Thumb Code     0  rt_memclr_w.o(.text)
    __rt_memclr_w                            0x00009efb   Thumb Code    78  rt_memclr_w.o(.text)
    _memset_w                                0x00009eff   Thumb Code     0  rt_memclr_w.o(.text)
    __use_two_region_memory                  0x00009f49   Thumb Code     2  heapauxi.o(.text)
    __rt_heap_escrow$2region                 0x00009f4b   Thumb Code     2  heapauxi.o(.text)
    __rt_heap_expand$2region                 0x00009f4d   Thumb Code     2  heapauxi.o(.text)
    __aeabi_uldivmod                         0x00009f4f   Thumb Code     0  lludivv7m.o(.text)
    _ll_udiv                                 0x00009f4f   Thumb Code   238  lludivv7m.o(.text)
    __read_errno                             0x0000a03d   Thumb Code    10  _rserrno.o(.text)
    __set_errno                              0x0000a047   Thumb Code    12  _rserrno.o(.text)
    _printf_pre_padding                      0x0000a053   Thumb Code    46  _printf_pad.o(.text)
    _printf_post_padding                     0x0000a081   Thumb Code    36  _printf_pad.o(.text)
    _printf_truncate_signed                  0x0000a0a5   Thumb Code    18  _printf_truncate.o(.text)
    _printf_truncate_unsigned                0x0000a0b7   Thumb Code    18  _printf_truncate.o(.text)
    _printf_str                              0x0000a0c9   Thumb Code    82  _printf_str.o(.text)
    _printf_int_dec                          0x0000a11d   Thumb Code   102  _printf_dec.o(.text)
    _printf_charcount                        0x0000a195   Thumb Code    42  _printf_charcount.o(.text)
    _printf_char_common                      0x0000a1cb   Thumb Code    32  _printf_char_common.o(.text)
    _sputc                                   0x0000a1f1   Thumb Code    10  _sputc.o(.text)
    _printf_wctomb                           0x0000a1fd   Thumb Code   182  _printf_wctomb.o(.text)
    _printf_longlong_dec                     0x0000a2b9   Thumb Code   104  _printf_longlong_dec.o(.text)
    _printf_longlong_oct                     0x0000a331   Thumb Code    76  _printf_oct_int_ll.o(.text)
    _printf_int_oct                          0x0000a37d   Thumb Code    24  _printf_oct_int_ll.o(.text)
    _printf_ll_oct                           0x0000a395   Thumb Code    12  _printf_oct_int_ll.o(.text)
    _printf_longlong_hex                     0x0000a3a9   Thumb Code    92  _printf_hex_int_ll_ptr.o(.text)
    _printf_int_hex                          0x0000a405   Thumb Code    28  _printf_hex_int_ll_ptr.o(.text)
    _printf_ll_hex                           0x0000a421   Thumb Code    12  _printf_hex_int_ll_ptr.o(.text)
    _printf_hex_ptr                          0x0000a42d   Thumb Code    18  _printf_hex_int_ll_ptr.o(.text)
    __printf                                 0x0000a445   Thumb Code   390  __printf_flags_ss_wp.o(.text)
    __aeabi_memclr                           0x0000a5d1   Thumb Code     0  rt_memclr.o(.text)
    __rt_memclr                              0x0000a5d1   Thumb Code    68  rt_memclr.o(.text)
    _memset                                  0x0000a5d5   Thumb Code     0  rt_memclr.o(.text)
    __aeabi_errno_addr                       0x0000a615   Thumb Code     8  rt_errno_addr_intlibspace.o(.text)
    __errno$intlibspace                      0x0000a615   Thumb Code     0  rt_errno_addr_intlibspace.o(.text)
    __rt_errno_addr$intlibspace              0x0000a615   Thumb Code     0  rt_errno_addr_intlibspace.o(.text)
    _ll_udiv10                               0x0000a61d   Thumb Code   138  lludiv10.o(.text)
    _printf_int_common                       0x0000a6a7   Thumb Code   184  _printf_intcommon.o(.text)
    __lib_sel_fp_printf                      0x0000a75f   Thumb Code     2  _printf_fp_dec.o(.text)
    _printf_fp_dec_real                      0x0000a90b   Thumb Code   628  _printf_fp_dec.o(.text)
    _printf_cs_common                        0x0000ab7f   Thumb Code    20  _printf_char.o(.text)
    _printf_char                             0x0000ab93   Thumb Code    16  _printf_char.o(.text)
    _printf_string                           0x0000aba3   Thumb Code     8  _printf_char.o(.text)
    _printf_lcs_common                       0x0000abab   Thumb Code    20  _printf_wchar.o(.text)
    _printf_wchar                            0x0000abbf   Thumb Code    16  _printf_wchar.o(.text)
    _printf_wstring                          0x0000abcf   Thumb Code     8  _printf_wchar.o(.text)
    _wcrtomb                                 0x0000abd7   Thumb Code    64  _wcrtomb.o(.text)
    __user_libspace                          0x0000ac19   Thumb Code     8  libspace.o(.text)
    __user_perproc_libspace                  0x0000ac19   Thumb Code     0  libspace.o(.text)
    __user_perthread_libspace                0x0000ac19   Thumb Code     0  libspace.o(.text)
    __user_setup_stackheap                   0x0000ac21   Thumb Code    74  sys_stackheap_outer.o(.text)
    __rt_ctype_table                         0x0000ac6d   Thumb Code    16  rt_ctype_table.o(.text)
    __rt_locale                              0x0000ac7d   Thumb Code     8  rt_locale_intlibspace.o(.text)
    _printf_fp_infnan                        0x0000ac85   Thumb Code   112  _printf_fp_infnan.o(.text)
    _btod_etento                             0x0000ad05   Thumb Code   222  bigflt0.o(.text)
    exit                                     0x0000ade9   Thumb Code    12  exit.o(.text)
    strcmp                                   0x0000adf5   Thumb Code   128  strcmpv7m.o(.text)
    _sys_exit                                0x0000ae75   Thumb Code     8  sys_exit.o(.text)
    __I$use$semihosting                      0x0000ae81   Thumb Code     0  use_no_semi.o(.text)
    __use_no_semihosting_swi                 0x0000ae81   Thumb Code     2  use_no_semi.o(.text)
    __semihosting_library_function           0x0000ae83   Thumb Code     0  indicate_semi.o(.text)
    _btod_d2e                                0x0000ae83   Thumb Code    62  btod.o(CL$$btod_d2e)
    _d2e_denorm_low                          0x0000aec1   Thumb Code    70  btod.o(CL$$btod_d2e_denorm_low)
    _d2e_norm_op1                            0x0000af07   Thumb Code    96  btod.o(CL$$btod_d2e_norm_op1)
    __btod_div_common                        0x0000af67   Thumb Code   696  btod.o(CL$$btod_div_common)
    _e2e                                     0x0000b29f   Thumb Code   198  btod.o(CL$$btod_e2e)
    _btod_ediv                               0x0000b365   Thumb Code    40  btod.o(CL$$btod_ediv)
    _btod_emul                               0x0000b38d   Thumb Code    40  btod.o(CL$$btod_emul)
    __btod_mult_common                       0x0000b3b5   Thumb Code   580  btod.o(CL$$btod_mult_common)
    ADCIntClear                              0x0000b5f9   Thumb Code    10  adc.o(i.ADCIntClear)
    ADCIntStatus                             0x0000b603   Thumb Code    52  adc.o(i.ADCIntStatus)
    ADCProcessorTrigger                      0x0000b637   Thumb Code    32  adc.o(i.ADCProcessorTrigger)
    ADCSequenceConfigure                     0x0000b657   Thumb Code    50  adc.o(i.ADCSequenceConfigure)
    ADCSequenceDataGet                       0x0000b689   Thumb Code    36  adc.o(i.ADCSequenceDataGet)
    ADCSequenceEnable                        0x0000b6ad   Thumb Code    14  adc.o(i.ADCSequenceEnable)
    ADCSequenceStepConfigure                 0x0000b6bb   Thumb Code   132  adc.o(i.ADCSequenceStepConfigure)
    FPUEnable                                0x0000b741   Thumb Code    12  fpu.o(i.FPUEnable)
    FPULazyStackingEnable                    0x0000b751   Thumb Code    12  fpu.o(i.FPULazyStackingEnable)
    GPIODirModeSet                           0x0000b761   Thumb Code    40  gpio.o(i.GPIODirModeSet)
    GPIOIntTypeSet                           0x0000b789   Thumb Code    58  gpio.o(i.GPIOIntTypeSet)
    GPIOPadConfigSet                         0x0000b7c3   Thumb Code   176  gpio.o(i.GPIOPadConfigSet)
    GPIOPinConfigure                         0x0000b875   Thumb Code    64  gpio.o(i.GPIOPinConfigure)
    GPIOPinIntClear                          0x0000b8bd   Thumb Code     6  gpio.o(i.GPIOPinIntClear)
    GPIOPinIntEnable                         0x0000b8c3   Thumb Code    14  gpio.o(i.GPIOPinIntEnable)
    GPIOPinIntStatus                         0x0000b8d1   Thumb Code    14  gpio.o(i.GPIOPinIntStatus)
    GPIOPinRead                              0x0000b8df   Thumb Code     6  gpio.o(i.GPIOPinRead)
    GPIOPinTypeADC                           0x0000b8e5   Thumb Code    28  gpio.o(i.GPIOPinTypeADC)
    GPIOPinTypeGPIOInput                     0x0000b901   Thumb Code    28  gpio.o(i.GPIOPinTypeGPIOInput)
    GPIOPinTypeGPIOOutput                    0x0000b91d   Thumb Code    28  gpio.o(i.GPIOPinTypeGPIOOutput)
    GPIOPinTypeGPIOOutputOD                  0x0000b939   Thumb Code    28  gpio.o(i.GPIOPinTypeGPIOOutputOD)
    GPIOPinTypePWM                           0x0000b955   Thumb Code    28  gpio.o(i.GPIOPinTypePWM)
    GPIOPinTypeUART                          0x0000b971   Thumb Code    28  gpio.o(i.GPIOPinTypeUART)
    GPIOPinWrite                             0x0000b98d   Thumb Code     6  gpio.o(i.GPIOPinWrite)
    IntEnable                                0x0000b995   Thumb Code    92  interrupt.o(i.IntEnable)
    IntMasterEnable                          0x0000b9f9   Thumb Code    10  interrupt.o(i.IntMasterEnable)
    IntRegister                              0x0000ba05   Thumb Code    44  interrupt.o(i.IntRegister)
    PWMGenConfigure                          0x0000ba39   Thumb Code    38  pwm.o(i.PWMGenConfigure)
    PWMGenEnable                             0x0000ba5f   Thumb Code    10  pwm.o(i.PWMGenEnable)
    PWMGenPeriodSet                          0x0000ba69   Thumb Code    18  pwm.o(i.PWMGenPeriodSet)
    PWMOutputState                           0x0000ba7b   Thumb Code    16  pwm.o(i.PWMOutputState)
    PWMPulseWidthSet                         0x0000ba8b   Thumb Code    32  pwm.o(i.PWMPulseWidthSet)
    SysCtlClockGet                           0x0000baad   Thumb Code   514  sysctl.o(i.SysCtlClockGet)
    SysCtlClockSet                           0x0000bcdd   Thumb Code   344  sysctl.o(i.SysCtlClockSet)
    SysCtlPWMClockSet                        0x0000be49   Thumb Code    14  sysctl.o(i.SysCtlPWMClockSet)
    SysCtlPeripheralEnable                   0x0000be5d   Thumb Code    70  sysctl.o(i.SysCtlPeripheralEnable)
    SysTickEnable                            0x0000bead   Thumb Code    14  systick.o(i.SysTickEnable)
    SysTickIntEnable                         0x0000bebb   Thumb Code    14  systick.o(i.SysTickIntEnable)
    SysTickIntRegister                       0x0000bec9   Thumb Code    24  systick.o(i.SysTickIntRegister)
    SysTickPeriodSet                         0x0000bee1   Thumb Code    10  systick.o(i.SysTickPeriodSet)
    UARTCharGetNonBlocking                   0x0000beeb   Thumb Code    16  uart.o(i.UARTCharGetNonBlocking)
    UARTConfigSetExpClk                      0x0000befb   Thumb Code   110  uart.o(i.UARTConfigSetExpClk)
    UARTIntEnable                            0x0000bf69   Thumb Code     8  uart.o(i.UARTIntEnable)
    __ARM_fpclassify                         0x0000bf71   Thumb Code    48  fpclassify.o(i.__ARM_fpclassify)
    __ARM_fpclassifyf                        0x0000bfa1   Thumb Code    38  fpclassifyf.o(i.__ARM_fpclassifyf)
    __ARM_isnanf                             0x0000bfc7   Thumb Code    14  vector3f.o(i.__ARM_isnanf)
    __hardfp_asin                            0x0000bfd9   Thumb Code   774  asin.o(i.__hardfp_asin)
    __hardfp_atan                            0x0000c349   Thumb Code   636  atan.o(i.__hardfp_atan)
    __hardfp_atan2                           0x0000c631   Thumb Code   416  atan2.o(i.__hardfp_atan2)
    __hardfp_cos                             0x0000c811   Thumb Code   200  cos.o(i.__hardfp_cos)
    __hardfp_cosf                            0x0000c8e9   Thumb Code   282  cosf.o(i.__hardfp_cosf)
    __hardfp_fabs                            0x0000ca45   Thumb Code    20  fabs.o(i.__hardfp_fabs)
    __hardfp_sin                             0x0000ca59   Thumb Code   200  sin.o(i.__hardfp_sin)
    __hardfp_sqrt                            0x0000cb31   Thumb Code   122  sqrt.o(i.__hardfp_sqrt)
    __hardfp_tanf                            0x0000cbad   Thumb Code   300  tanf.o(i.__hardfp_tanf)
    __ieee754_rem_pio2                       0x0000cd19   Thumb Code   972  rred.o(i.__ieee754_rem_pio2)
    __kernel_cos                             0x0000d171   Thumb Code   322  cos_i.o(i.__kernel_cos)
    __kernel_poly                            0x0000d2e1   Thumb Code   248  poly.o(i.__kernel_poly)
    __kernel_sin                             0x0000d3d9   Thumb Code   280  sin_i.o(i.__kernel_sin)
    __mathlib_dbl_underflow                  0x0000d509   Thumb Code    24  dunder.o(i.__mathlib_dbl_underflow)
    __mathlib_flt_underflow                  0x0000d529   Thumb Code    10  funder.o(i.__mathlib_flt_underflow)
    __mathlib_rredf2                         0x0000d539   Thumb Code   296  rredf.o(i.__mathlib_rredf2)
    _is_digit                                0x0000d679   Thumb Code    14  __printf_wp.o(i._is_digit)
    atan                                     0x0000d687   Thumb Code    16  atan.o(i.atan)
    fabs                                     0x0000d697   Thumb Code    32  fabs.o(i.fabs)
    sqrt                                     0x0000d6b7   Thumb Code   110  sqrt.o(i.sqrt)
    _get_lc_numeric                          0x0000d725   Thumb Code    44  lc_numeric_c.o(locale$$code)
    _get_lc_ctype                            0x0000d751   Thumb Code    44  lc_ctype_c.o(locale$$code)
    __aeabi_dneg                             0x0000d77d   Thumb Code     0  basic.o(x$fpl$basic)
    _dneg                                    0x0000d77d   Thumb Code     6  basic.o(x$fpl$basic)
    __aeabi_fneg                             0x0000d783   Thumb Code     0  basic.o(x$fpl$basic)
    _fneg                                    0x0000d783   Thumb Code     6  basic.o(x$fpl$basic)
    _dabs                                    0x0000d789   Thumb Code     6  basic.o(x$fpl$basic)
    _fabs                                    0x0000d78f   Thumb Code     6  basic.o(x$fpl$basic)
    __aeabi_d2f                              0x0000d795   Thumb Code     0  d2f.o(x$fpl$d2f)
    _d2f                                     0x0000d795   Thumb Code    98  d2f.o(x$fpl$d2f)
    __aeabi_dadd                             0x0000d7f9   Thumb Code     0  daddsub_clz.o(x$fpl$dadd)
    _dadd                                    0x0000d7f9   Thumb Code   332  daddsub_clz.o(x$fpl$dadd)
    __fpl_dcmp_Inf                           0x0000d949   Thumb Code    24  dcmpi.o(x$fpl$dcmpinf)
    __aeabi_ddiv                             0x0000d961   Thumb Code     0  ddiv.o(x$fpl$ddiv)
    _ddiv                                    0x0000d961   Thumb Code   552  ddiv.o(x$fpl$ddiv)
    __aeabi_d2iz                             0x0000dc11   Thumb Code     0  dfix.o(x$fpl$dfix)
    _dfix                                    0x0000dc11   Thumb Code    94  dfix.o(x$fpl$dfix)
    __aeabi_d2uiz                            0x0000dc71   Thumb Code     0  dfixu.o(x$fpl$dfixu)
    _dfixu                                   0x0000dc71   Thumb Code    90  dfixu.o(x$fpl$dfixu)
    __aeabi_i2d                              0x0000dccb   Thumb Code     0  dflt_clz.o(x$fpl$dflt)
    _dflt                                    0x0000dccb   Thumb Code    46  dflt_clz.o(x$fpl$dflt)
    __aeabi_ui2d                             0x0000dcf9   Thumb Code     0  dflt_clz.o(x$fpl$dfltu)
    _dfltu                                   0x0000dcf9   Thumb Code    38  dflt_clz.o(x$fpl$dfltu)
    __aeabi_cdcmple                          0x0000dd21   Thumb Code     0  dleqf.o(x$fpl$dleqf)
    _dcmple                                  0x0000dd21   Thumb Code   120  dleqf.o(x$fpl$dleqf)
    __fpl_dcmple_InfNaN                      0x0000dd83   Thumb Code     0  dleqf.o(x$fpl$dleqf)
    __aeabi_dmul                             0x0000dd99   Thumb Code     0  dmul.o(x$fpl$dmul)
    _dmul                                    0x0000dd99   Thumb Code   332  dmul.o(x$fpl$dmul)
    __fpl_dnaninf                            0x0000deed   Thumb Code   156  dnaninf.o(x$fpl$dnaninf)
    __fpl_dretinf                            0x0000df89   Thumb Code    12  dretinf.o(x$fpl$dretinf)
    __aeabi_cdrcmple                         0x0000df95   Thumb Code     0  drleqf.o(x$fpl$drleqf)
    _drcmple                                 0x0000df95   Thumb Code   108  drleqf.o(x$fpl$drleqf)
    __aeabi_drsub                            0x0000e001   Thumb Code     0  daddsub_clz.o(x$fpl$drsb)
    _drsb                                    0x0000e001   Thumb Code    22  daddsub_clz.o(x$fpl$drsb)
    _dsqrt                                   0x0000e019   Thumb Code   404  dsqrt_umaal.o(x$fpl$dsqrt)
    __aeabi_dsub                             0x0000e1b1   Thumb Code     0  daddsub_clz.o(x$fpl$dsub)
    _dsub                                    0x0000e1b1   Thumb Code   464  daddsub_clz.o(x$fpl$dsub)
    __aeabi_f2d                              0x0000e385   Thumb Code     0  f2d.o(x$fpl$f2d)
    _f2d                                     0x0000e385   Thumb Code    86  f2d.o(x$fpl$f2d)
    __fpl_fnaninf                            0x0000e3db   Thumb Code   140  fnaninf.o(x$fpl$fnaninf)
    _fp_init                                 0x0000e467   Thumb Code    10  fpinit.o(x$fpl$fpinit)
    __fplib_config_fpu_vfp                   0x0000e46f   Thumb Code     0  fpinit.o(x$fpl$fpinit)
    __fplib_config_pureend_doubles           0x0000e46f   Thumb Code     0  fpinit.o(x$fpl$fpinit)
    __fpl_fretinf                            0x0000e471   Thumb Code    10  fretinf.o(x$fpl$fretinf)
    _printf_fp_dec                           0x0000e47b   Thumb Code     4  printf1.o(x$fpl$printf1)
    __I$use$fp                               0x0000e47e   Number         0  usenofp.o(x$fpl$usenofp)
    reg                                      0x0000e480   Data          42  inv_mpu.o(.constdata)
    hw                                       0x0000e4aa   Data          14  inv_mpu.o(.constdata)
    test                                     0x0000e4b8   Data          40  inv_mpu.o(.constdata)
    __mathlib_zero                           0x0000f608   Data           8  qnan.o(.constdata)
    Region$$Table$$Base                      0x0000f7c8   Number         0  anon$$obj.o(Region$$Table)
    Region$$Table$$Limit                     0x0000f7e8   Number         0  anon$$obj.o(Region$$Table)
    __ctype                                  0x0000f811   Data           0  lc_ctype_c.o(locale$$data)
    adcbase                                  0x2000005c   Data           4  ccdandcsb.o(.data)
    i                                        0x20000060   Data           4  ccdandcsb.o(.data)
    ccd_a                                    0x20000064   Data           4  ccdandcsb.o(.data)
    ccd_b                                    0x20000068   Data           4  ccdandcsb.o(.data)
    ccd_c                                    0x2000006c   Data           4  ccdandcsb.o(.data)
    ui8LED                                   0x20000070   Data           4  ccdandcsb.o(.data)
    led                                      0x20000074   Data           4  ccdandcsb.o(.data)
    ccd_direction                            0x2000007c   Data           1  ccdandcsb.o(.data)
    link_cmd_count                           0x20000080   Data           4  cmd.o(.data)
    auto_land                                0x20000084   Data           4  cmd.o(.data)
    _num_calls                               0x20000090   Data           1  ap_opticalflow_adns3080.o(.data)
    _orientation                             0x20000091   Data           1  ap_opticalflow_adns3080.o(.data)
    _flags                                   0x20000092   Data           1  ap_opticalflow_adns3080.o(.data)
    vlon                                     0x20000094   Data           4  ap_opticalflow.o(.data)
    vlat                                     0x20000098   Data           4  ap_opticalflow.o(.data)
    conv_factor                              0x200000a4   Data           4  ap_opticalflow.o(.data)
    radians_to_pixels                        0x200000a8   Data           4  ap_opticalflow.o(.data)
    _last_roll                               0x200000ac   Data           4  ap_opticalflow.o(.data)
    _last_pitch                              0x200000b0   Data           4  ap_opticalflow.o(.data)
    _last_altitude                           0x200000b4   Data           4  ap_opticalflow.o(.data)
    surface_quality                          0x200000b8   Data           1  ap_opticalflow.o(.data)
    dx                                       0x200000ba   Data           2  ap_opticalflow.o(.data)
    dy                                       0x200000bc   Data           2  ap_opticalflow.o(.data)
    x                                        0x200000be   Data           2  ap_opticalflow.o(.data)
    y                                        0x200000c0   Data           2  ap_opticalflow.o(.data)
    last_update                              0x200000c4   Data           4  ap_opticalflow.o(.data)
    field_of_view                            0x200000c8   Data           4  ap_opticalflow.o(.data)
    x_cm                                     0x200000cc   Data           4  ap_opticalflow.o(.data)
    y_cm                                     0x200000d0   Data           4  ap_opticalflow.o(.data)
    MPU6050_ACC_LAST                         0x200000d4   Data           6  mpu6050.o(.data)
    MPU6050_GYRO_LAST                        0x200000da   Data           6  mpu6050.o(.data)
    GYRO_OFFSET_OK                           0x200000e0   Data           4  mpu6050.o(.data)
    ACC_OFFSET_OK                            0x200000e4   Data           4  mpu6050.o(.data)
    GYRO_OFFSET                              0x200000e8   Data           6  mpu6050.o(.data)
    ACC_OFFSET                               0x200000ee   Data           6  mpu6050.o(.data)
    receive_buffer                           0x200000fc   Data           8  uart_user.o(.data)
    BUFFER                                   0x20000104   Data           8  uart_user.o(.data)
    sign                                     0x2000010c   Data           4  uart_user.o(.data)
    count                                    0x20000110   Data           4  uart_user.o(.data)
    count_trans                              0x20000114   Data           4  uart_user.o(.data)
    sys_millisecond                          0x2000011c   Data           4  sys.o(.data)
    pid_p                                    0x20000134   Data           4  arducopter.o(.data)
    pid_d                                    0x20000138   Data           4  arducopter.o(.data)
    target_roll_degree                       0x2000013c   Data           4  arducopter.o(.data)
    target_pitch_degree                      0x20000140   Data           4  arducopter.o(.data)
    target_yaw_degree                        0x20000144   Data           4  arducopter.o(.data)
    G_Dt                                     0x20000148   Data           4  arducopter.o(.data)
    cos_roll_x                               0x2000014c   Data           4  arducopter.o(.data)
    cos_pitch_x                              0x20000150   Data           4  arducopter.o(.data)
    cos_yaw_x                                0x20000154   Data           4  arducopter.o(.data)
    height_target                            0x20000158   Data           4  arducopter.o(.data)
    height_last                              0x2000015c   Data           4  arducopter.o(.data)
    alt_hold                                 0x20000160   Data           4  arducopter.o(.data)
    current_point_x                          0x20000164   Data           4  arducopter.o(.data)
    current_point_y                          0x20000168   Data           4  arducopter.o(.data)
    hover_hold                               0x2000016c   Data           4  arducopter.o(.data)
    begin_fly                                0x20000170   Data           4  arducopter.o(.data)
    height_base                              0x20000174   Data           4  arducopter.o(.data)
    roll_rate_target_ef                      0x20000184   Data           4  arducopter.o(.data)
    pitch_rate_target_ef                     0x20000188   Data           4  arducopter.o(.data)
    yaw_rate_target_ef                       0x2000018c   Data           4  arducopter.o(.data)
    roll_rate_target_bf                      0x20000190   Data           4  arducopter.o(.data)
    pitch_rate_target_bf                     0x20000194   Data           4  arducopter.o(.data)
    yaw_rate_target_bf                       0x20000198   Data           4  arducopter.o(.data)
    sin_yaw_y                                0x2000019c   Data           4  arducopter.o(.data)
    sin_roll                                 0x200001a0   Data           4  arducopter.o(.data)
    sin_pitch                                0x200001a4   Data           4  arducopter.o(.data)
    height_current                           0x200001a8   Data           4  arducopter.o(.data)
    height_update_count                      0x200001ac   Data           4  arducopter.o(.data)
    target_point_x                           0x200001b0   Data           4  arducopter.o(.data)
    target_point_y                           0x200001b4   Data           4  arducopter.o(.data)
    task_type                                0x200001b8   Data           1  arducopter.o(.data)
    reg_int_param                            0x2000066c   Data          24  inv_mpu.o(.bss)
    debug_buffer                             0x20000694   Data        1000  debug.o(.bss)
    n                                        0x20000a7c   Data         512  ccdandcsb.o(.bss)
    cmd_receiveBuffer                        0x20000c7c   Data          32  cmd.o(.bss)
    Q_ANGLE                                  0x20000c9c   Data          60  mpu6050.o(.bss)
    Q_AngleVelocity                          0x20000cd8   Data          60  mpu6050.o(.bss)
    pi_stabilize_roll                        0x20000f24   Data          16  parameters.o(.bss)
    pi_stabilize_pitch                       0x20000f34   Data          16  parameters.o(.bss)
    pi_stabilize_yaw                         0x20000f44   Data          16  parameters.o(.bss)
    pid_rate_roll                            0x20000f54   Data          32  parameters.o(.bss)
    pid_rate_pitch                           0x20000f74   Data          32  parameters.o(.bss)
    pid_rate_yaw                             0x20000f94   Data          32  parameters.o(.bss)
    pi_stabilize_up                          0x20000fb4   Data          16  parameters.o(.bss)
    ac_pid_height                            0x20000fc4   Data          32  parameters.o(.bss)
    ac_pid_point_x                           0x20000fe4   Data          32  parameters.o(.bss)
    ac_pid_point_y                           0x20001004   Data          32  parameters.o(.bss)
    rc_1                                     0x20001024   Data          48  parameters.o(.bss)
    rc_2                                     0x20001054   Data          48  parameters.o(.bss)
    rc_3                                     0x20001084   Data          48  parameters.o(.bss)
    rc_4                                     0x200010b4   Data          48  parameters.o(.bss)
    current_omega                            0x200010e4   Data          12  arducopter.o(.bss)
    ap_ahrs_dcm                              0x200010f0   Data          76  arducopter.o(.bss)
    ap_motors_quard                          0x2000113c   Data          92  arducopter.o(.bss)
    __libspace_start                         0x20001198   Data          96  libspace.o(.bss)
    __temporary_stack_top$libspace           0x200011f8   Data           0  libspace.o(.bss)



==============================================================================

Memory Map of the image

  Image Entry point : 0x00000285

  Load Region LR_IROM1 (Base: 0x00000000, Size: 0x0000ff80, Max: 0x00040000, ABSOLUTE, COMPRESSED[0x0000f954])

    Execution Region ER_IROM1 (Base: 0x00000000, Size: 0x0000f914, Max: 0x00040000, ABSOLUTE)

    Base Addr    Size         Type   Attr      Idx    E Section Name        Object

    0x00000000   0x00000284   Code   RO            3    RESET               startup.o
    0x00000284   0x00000008   Code   RO         2512  * !!!main             c_w.l(__main.o)
    0x0000028c   0x00000034   Code   RO         3024    !!!scatter          c_w.l(__scatter.o)
    0x000002c0   0x0000005a   Code   RO         3022    !!dczerorl2         c_w.l(__dczerorl2.o)
    0x0000031a   0x00000002   PAD
    0x0000031c   0x0000001c   Code   RO         3026    !!handler_zi        c_w.l(__scatter_zi.o)
    0x00000338   0x00000000   Code   RO         2742    .ARM.Collect$$_printf_percent$$00000000  c_w.l(_printf_percent.o)
    0x00000338   0x00000006   Code   RO         2731    .ARM.Collect$$_printf_percent$$00000001  c_w.l(_printf_n.o)
    0x0000033e   0x00000006   Code   RO         2733    .ARM.Collect$$_printf_percent$$00000002  c_w.l(_printf_p.o)
    0x00000344   0x00000006   Code   RO         2738    .ARM.Collect$$_printf_percent$$00000003  c_w.l(_printf_f.o)
    0x0000034a   0x00000006   Code   RO         2739    .ARM.Collect$$_printf_percent$$00000004  c_w.l(_printf_e.o)
    0x00000350   0x00000006   Code   RO         2740    .ARM.Collect$$_printf_percent$$00000005  c_w.l(_printf_g.o)
    0x00000356   0x00000006   Code   RO         2741    .ARM.Collect$$_printf_percent$$00000006  c_w.l(_printf_a.o)
    0x0000035c   0x0000000a   Code   RO         2746    .ARM.Collect$$_printf_percent$$00000007  c_w.l(_printf_ll.o)
    0x00000366   0x00000006   Code   RO         2735    .ARM.Collect$$_printf_percent$$00000008  c_w.l(_printf_i.o)
    0x0000036c   0x00000006   Code   RO         2736    .ARM.Collect$$_printf_percent$$00000009  c_w.l(_printf_d.o)
    0x00000372   0x00000006   Code   RO         2737    .ARM.Collect$$_printf_percent$$0000000A  c_w.l(_printf_u.o)
    0x00000378   0x00000006   Code   RO         2734    .ARM.Collect$$_printf_percent$$0000000B  c_w.l(_printf_o.o)
    0x0000037e   0x00000006   Code   RO         2732    .ARM.Collect$$_printf_percent$$0000000C  c_w.l(_printf_x.o)
    0x00000384   0x00000006   Code   RO         2743    .ARM.Collect$$_printf_percent$$0000000D  c_w.l(_printf_lli.o)
    0x0000038a   0x00000006   Code   RO         2744    .ARM.Collect$$_printf_percent$$0000000E  c_w.l(_printf_lld.o)
    0x00000390   0x00000006   Code   RO         2745    .ARM.Collect$$_printf_percent$$0000000F  c_w.l(_printf_llu.o)
    0x00000396   0x00000006   Code   RO         2750    .ARM.Collect$$_printf_percent$$00000010  c_w.l(_printf_llo.o)
    0x0000039c   0x00000006   Code   RO         2751    .ARM.Collect$$_printf_percent$$00000011  c_w.l(_printf_llx.o)
    0x000003a2   0x0000000a   Code   RO         2747    .ARM.Collect$$_printf_percent$$00000012  c_w.l(_printf_l.o)
    0x000003ac   0x00000006   Code   RO         2729    .ARM.Collect$$_printf_percent$$00000013  c_w.l(_printf_c.o)
    0x000003b2   0x00000006   Code   RO         2730    .ARM.Collect$$_printf_percent$$00000014  c_w.l(_printf_s.o)
    0x000003b8   0x00000006   Code   RO         2748    .ARM.Collect$$_printf_percent$$00000015  c_w.l(_printf_lc.o)
    0x000003be   0x00000006   Code   RO         2749    .ARM.Collect$$_printf_percent$$00000016  c_w.l(_printf_ls.o)
    0x000003c4   0x00000004   Code   RO         2833    .ARM.Collect$$_printf_percent$$00000017  c_w.l(_printf_percent_end.o)
    0x000003c8   0x00000002   Code   RO         2887    .ARM.Collect$$libinit$$00000000  c_w.l(libinit.o)
    0x000003ca   0x00000004   Code   RO         2901    .ARM.Collect$$libinit$$00000001  c_w.l(libinit2.o)
    0x000003ce   0x00000000   Code   RO         2905    .ARM.Collect$$libinit$$00000008  c_w.l(libinit2.o)
    0x000003ce   0x00000000   Code   RO         2907    .ARM.Collect$$libinit$$0000000A  c_w.l(libinit2.o)
    0x000003ce   0x00000000   Code   RO         2909    .ARM.Collect$$libinit$$0000000C  c_w.l(libinit2.o)
    0x000003ce   0x00000006   Code   RO         2910    .ARM.Collect$$libinit$$0000000D  c_w.l(libinit2.o)
    0x000003d4   0x00000000   Code   RO         2912    .ARM.Collect$$libinit$$0000000F  c_w.l(libinit2.o)
    0x000003d4   0x0000000c   Code   RO         2913    .ARM.Collect$$libinit$$00000010  c_w.l(libinit2.o)
    0x000003e0   0x00000000   Code   RO         2914    .ARM.Collect$$libinit$$00000011  c_w.l(libinit2.o)
    0x000003e0   0x00000000   Code   RO         2916    .ARM.Collect$$libinit$$00000013  c_w.l(libinit2.o)
    0x000003e0   0x0000000a   Code   RO         2917    .ARM.Collect$$libinit$$00000014  c_w.l(libinit2.o)
    0x000003ea   0x00000000   Code   RO         2918    .ARM.Collect$$libinit$$00000015  c_w.l(libinit2.o)
    0x000003ea   0x00000000   Code   RO         2920    .ARM.Collect$$libinit$$00000017  c_w.l(libinit2.o)
    0x000003ea   0x00000000   Code   RO         2922    .ARM.Collect$$libinit$$00000019  c_w.l(libinit2.o)
    0x000003ea   0x00000000   Code   RO         2924    .ARM.Collect$$libinit$$0000001B  c_w.l(libinit2.o)
    0x000003ea   0x00000000   Code   RO         2926    .ARM.Collect$$libinit$$0000001D  c_w.l(libinit2.o)
    0x000003ea   0x00000000   Code   RO         2928    .ARM.Collect$$libinit$$0000001F  c_w.l(libinit2.o)
    0x000003ea   0x00000000   Code   RO         2930    .ARM.Collect$$libinit$$00000021  c_w.l(libinit2.o)
    0x000003ea   0x00000000   Code   RO         2932    .ARM.Collect$$libinit$$00000023  c_w.l(libinit2.o)
    0x000003ea   0x00000000   Code   RO         2936    .ARM.Collect$$libinit$$0000002A  c_w.l(libinit2.o)
    0x000003ea   0x00000000   Code   RO         2938    .ARM.Collect$$libinit$$0000002C  c_w.l(libinit2.o)
    0x000003ea   0x00000000   Code   RO         2940    .ARM.Collect$$libinit$$0000002E  c_w.l(libinit2.o)
    0x000003ea   0x00000000   Code   RO         2942    .ARM.Collect$$libinit$$00000030  c_w.l(libinit2.o)
    0x000003ea   0x00000002   Code   RO         2943    .ARM.Collect$$libinit$$00000031  c_w.l(libinit2.o)
    0x000003ec   0x00000002   Code   RO         2973    .ARM.Collect$$libshutdown$$00000000  c_w.l(libshutdown.o)
    0x000003ee   0x00000000   Code   RO         2991    .ARM.Collect$$libshutdown$$00000003  c_w.l(libshutdown2.o)
    0x000003ee   0x00000000   Code   RO         2994    .ARM.Collect$$libshutdown$$00000006  c_w.l(libshutdown2.o)
    0x000003ee   0x00000000   Code   RO         2997    .ARM.Collect$$libshutdown$$00000009  c_w.l(libshutdown2.o)
    0x000003ee   0x00000000   Code   RO         2999    .ARM.Collect$$libshutdown$$0000000B  c_w.l(libshutdown2.o)
    0x000003ee   0x00000000   Code   RO         3002    .ARM.Collect$$libshutdown$$0000000E  c_w.l(libshutdown2.o)
    0x000003ee   0x00000002   Code   RO         3003    .ARM.Collect$$libshutdown$$0000000F  c_w.l(libshutdown2.o)
    0x000003f0   0x00000000   Code   RO         2656    .ARM.Collect$$rtentry$$00000000  c_w.l(rtentry.o)
    0x000003f0   0x00000000   Code   RO         2798    .ARM.Collect$$rtentry$$00000002  c_w.l(rtentry2.o)
    0x000003f0   0x00000006   Code   RO         2810    .ARM.Collect$$rtentry$$00000004  c_w.l(rtentry4.o)
    0x000003f6   0x00000000   Code   RO         2800    .ARM.Collect$$rtentry$$00000009  c_w.l(rtentry2.o)
    0x000003f6   0x00000004   Code   RO         2801    .ARM.Collect$$rtentry$$0000000A  c_w.l(rtentry2.o)
    0x000003fa   0x00000000   Code   RO         2803    .ARM.Collect$$rtentry$$0000000C  c_w.l(rtentry2.o)
    0x000003fa   0x00000008   Code   RO         2804    .ARM.Collect$$rtentry$$0000000D  c_w.l(rtentry2.o)
    0x00000402   0x00000002   Code   RO         2890    .ARM.Collect$$rtexit$$00000000  c_w.l(rtexit.o)
    0x00000404   0x00000000   Code   RO         2945    .ARM.Collect$$rtexit$$00000002  c_w.l(rtexit2.o)
    0x00000404   0x00000004   Code   RO         2946    .ARM.Collect$$rtexit$$00000003  c_w.l(rtexit2.o)
    0x00000408   0x00000006   Code   RO         2947    .ARM.Collect$$rtexit$$00000004  c_w.l(rtexit2.o)
    0x0000040e   0x00000002   PAD
    0x00000410   0x00000006   Code   RO         1829    .emb_text           driverlib-cm4f.lib(sysctl.o)
    0x00000416   0x00000002   PAD
    0x00000418   0x00000026   Code   RO         2484    .emb_text           driverlib-cm4f.lib(cpu.o)
    0x0000043e   0x00000002   PAD
    0x00000440   0x0000001c   Code   RO            4    .text               startup.o
    0x0000045c   0x000025c4   Code   RO           11    .text               inv_mpu.o
    0x00002a20   0x00000d90   Code   RO          223    .text               inv_mpu_dmp_motion_driver.o
    0x000037b0   0x00000028   Code   RO          255    .text               debug.o
    0x000037d8   0x000000e8   Code   RO          280    .text               main.o
    0x000038c0   0x00001390   Code   RO          389    .text               mpu_tool.o
    0x00004c50   0x000005a8   Code   RO          418    .text               ccdandcsb.o
    0x000051f8   0x00000624   Code   RO          499    .text               cmd.o
    0x0000581c   0x000005bc   Code   RO          519    .text               ap_opticalflow_adns3080.o
    0x00005dd8   0x00000200   Code   RO          534    .text               ap_opticalflow.o
    0x00005fd8   0x000007cc   Code   RO          563    .text               mpu6050.o
    0x000067a4   0x000003cc   Code   RO          582    .text               uartstdio.o
    0x00006b70   0x000001a0   Code   RO          626    .text               uart_user.o
    0x00006d10   0x0000014c   Code   RO          644    .text               usart.o
    0x00006e5c   0x00000090   Code   RO          658    .text               sys.o
    0x00006eec   0x00000160   Code   RO          676    .text               timer_user.o
    0x0000704c   0x000000d0   Code   RO          690    .text               fc_pi.o
    0x0000711c   0x00000414   Code   RO          705    .text               fc_pid.o
    0x00007530   0x00000170   Code   RO          721    .text               parameters.o
    0x000076a0   0x0000057a   Code   RO          739    .text               ap_motorsquard.o
    0x00007c1a   0x00000002   PAD
    0x00007c1c   0x000002a4   Code   RO          752    .text               pwm.o
    0x00007ec0   0x00000734   Code   RO          837    .text               arducopter.o
    0x000085f4   0x00000428   Code   RO          856    .text               rate_controller.o
    0x00008a1c   0x0000011c   Code   RO          873    .text               rc_channel.o
    0x00008b38   0x00000324   Code   RO          886    .text               ap_math.o
    0x00008e5c   0x000008c0   Code   RO          904    .text               matrix3f.o
    0x0000971c   0x00000600   Code   RO          916    .text               vector3f.o
    0x00009d1c   0x0000001a   Code   RO          933    .text               delay.o
    0x00009d36   0x00000048   Code   RO         2496    .text               c_w.l(llsdiv.o)
    0x00009d7e   0x00000002   PAD
    0x00009d80   0x00000024   Code   RO         2498    .text               c_w.l(c89vsprintf.o)
    0x00009da4   0x00000058   Code   RO         2500    .text               c_w.l(memcmp.o)
    0x00009dfc   0x0000008a   Code   RO         2502    .text               c_w.l(rt_memcpy_v6.o)
    0x00009e86   0x00000064   Code   RO         2504    .text               c_w.l(rt_memcpy_w.o)
    0x00009eea   0x00000010   Code   RO         2506    .text               c_w.l(aeabi_memset.o)
    0x00009efa   0x0000004e   Code   RO         2508    .text               c_w.l(rt_memclr_w.o)
    0x00009f48   0x00000006   Code   RO         2510    .text               c_w.l(heapauxi.o)
    0x00009f4e   0x000000ee   Code   RO         2657    .text               c_w.l(lludivv7m.o)
    0x0000a03c   0x00000016   Code   RO         2659    .text               c_w.l(_rserrno.o)
    0x0000a052   0x00000052   Code   RO         2663    .text               c_w.l(_printf_pad.o)
    0x0000a0a4   0x00000024   Code   RO         2665    .text               c_w.l(_printf_truncate.o)
    0x0000a0c8   0x00000052   Code   RO         2667    .text               c_w.l(_printf_str.o)
    0x0000a11a   0x00000002   PAD
    0x0000a11c   0x00000078   Code   RO         2669    .text               c_w.l(_printf_dec.o)
    0x0000a194   0x0000002a   Code   RO         2671    .text               c_w.l(_printf_charcount.o)
    0x0000a1be   0x00000002   PAD
    0x0000a1c0   0x00000030   Code   RO         2673    .text               c_w.l(_printf_char_common.o)
    0x0000a1f0   0x0000000a   Code   RO         2675    .text               c_w.l(_sputc.o)
    0x0000a1fa   0x00000002   PAD
    0x0000a1fc   0x000000bc   Code   RO         2677    .text               c_w.l(_printf_wctomb.o)
    0x0000a2b8   0x00000078   Code   RO         2680    .text               c_w.l(_printf_longlong_dec.o)
    0x0000a330   0x00000078   Code   RO         2686    .text               c_w.l(_printf_oct_int_ll.o)
    0x0000a3a8   0x0000009c   Code   RO         2706    .text               c_w.l(_printf_hex_int_ll_ptr.o)
    0x0000a444   0x0000018c   Code   RO         2726    .text               c_w.l(__printf_flags_ss_wp.o)
    0x0000a5d0   0x00000044   Code   RO         2752    .text               c_w.l(rt_memclr.o)
    0x0000a614   0x00000008   Code   RO         2819    .text               c_w.l(rt_errno_addr_intlibspace.o)
    0x0000a61c   0x0000008a   Code   RO         2821    .text               c_w.l(lludiv10.o)
    0x0000a6a6   0x000000b8   Code   RO         2823    .text               c_w.l(_printf_intcommon.o)
    0x0000a75e   0x00000420   Code   RO         2825    .text               c_w.l(_printf_fp_dec.o)
    0x0000ab7e   0x0000002c   Code   RO         2829    .text               c_w.l(_printf_char.o)
    0x0000abaa   0x0000002c   Code   RO         2831    .text               c_w.l(_printf_wchar.o)
    0x0000abd6   0x00000040   Code   RO         2834    .text               c_w.l(_wcrtomb.o)
    0x0000ac16   0x00000002   PAD
    0x0000ac18   0x00000008   Code   RO         2836    .text               c_w.l(libspace.o)
    0x0000ac20   0x0000004a   Code   RO         2839    .text               c_w.l(sys_stackheap_outer.o)
    0x0000ac6a   0x00000002   PAD
    0x0000ac6c   0x00000010   Code   RO         2841    .text               c_w.l(rt_ctype_table.o)
    0x0000ac7c   0x00000008   Code   RO         2848    .text               c_w.l(rt_locale_intlibspace.o)
    0x0000ac84   0x00000080   Code   RO         2850    .text               c_w.l(_printf_fp_infnan.o)
    0x0000ad04   0x000000e4   Code   RO         2852    .text               c_w.l(bigflt0.o)
    0x0000ade8   0x0000000c   Code   RO         2880    .text               c_w.l(exit.o)
    0x0000adf4   0x00000080   Code   RO         2899    .text               c_w.l(strcmpv7m.o)
    0x0000ae74   0x0000000c   Code   RO         2961    .text               c_w.l(sys_exit.o)
    0x0000ae80   0x00000002   Code   RO         2978    .text               c_w.l(use_no_semi.o)
    0x0000ae82   0x00000000   Code   RO         2980    .text               c_w.l(indicate_semi.o)
    0x0000ae82   0x0000003e   Code   RO         2855    CL$$btod_d2e        c_w.l(btod.o)
    0x0000aec0   0x00000046   Code   RO         2857    CL$$btod_d2e_denorm_low  c_w.l(btod.o)
    0x0000af06   0x00000060   Code   RO         2856    CL$$btod_d2e_norm_op1  c_w.l(btod.o)
    0x0000af66   0x00000338   Code   RO         2865    CL$$btod_div_common  c_w.l(btod.o)
    0x0000b29e   0x000000c6   Code   RO         2862    CL$$btod_e2e        c_w.l(btod.o)
    0x0000b364   0x00000028   Code   RO         2859    CL$$btod_ediv       c_w.l(btod.o)
    0x0000b38c   0x00000028   Code   RO         2858    CL$$btod_emul       c_w.l(btod.o)
    0x0000b3b4   0x00000244   Code   RO         2864    CL$$btod_mult_common  c_w.l(btod.o)
    0x0000b5f8   0x0000000a   Code   RO          953    i.ADCIntClear       driverlib-cm4f.lib(adc.o)
    0x0000b602   0x00000034   Code   RO          957    i.ADCIntStatus      driverlib-cm4f.lib(adc.o)
    0x0000b636   0x00000020   Code   RO          961    i.ADCProcessorTrigger  driverlib-cm4f.lib(adc.o)
    0x0000b656   0x00000032   Code   RO          966    i.ADCSequenceConfigure  driverlib-cm4f.lib(adc.o)
    0x0000b688   0x00000024   Code   RO          967    i.ADCSequenceDataGet  driverlib-cm4f.lib(adc.o)
    0x0000b6ac   0x0000000e   Code   RO          969    i.ADCSequenceEnable  driverlib-cm4f.lib(adc.o)
    0x0000b6ba   0x00000084   Code   RO          972    i.ADCSequenceStepConfigure  driverlib-cm4f.lib(adc.o)
    0x0000b73e   0x00000002   PAD
    0x0000b740   0x00000010   Code   RO         1176    i.FPUEnable         driverlib-cm4f.lib(fpu.o)
    0x0000b750   0x00000010   Code   RO         1179    i.FPULazyStackingEnable  driverlib-cm4f.lib(fpu.o)
    0x0000b760   0x00000028   Code   RO         1246    i.GPIODirModeSet    driverlib-cm4f.lib(gpio.o)
    0x0000b788   0x0000003a   Code   RO         1249    i.GPIOIntTypeSet    driverlib-cm4f.lib(gpio.o)
    0x0000b7c2   0x000000b0   Code   RO         1251    i.GPIOPadConfigSet  driverlib-cm4f.lib(gpio.o)
    0x0000b872   0x00000002   PAD
    0x0000b874   0x00000048   Code   RO         1252    i.GPIOPinConfigure  driverlib-cm4f.lib(gpio.o)
    0x0000b8bc   0x00000006   Code   RO         1253    i.GPIOPinIntClear   driverlib-cm4f.lib(gpio.o)
    0x0000b8c2   0x0000000e   Code   RO         1255    i.GPIOPinIntEnable  driverlib-cm4f.lib(gpio.o)
    0x0000b8d0   0x0000000e   Code   RO         1256    i.GPIOPinIntStatus  driverlib-cm4f.lib(gpio.o)
    0x0000b8de   0x00000006   Code   RO         1257    i.GPIOPinRead       driverlib-cm4f.lib(gpio.o)
    0x0000b8e4   0x0000001c   Code   RO         1258    i.GPIOPinTypeADC    driverlib-cm4f.lib(gpio.o)
    0x0000b900   0x0000001c   Code   RO         1265    i.GPIOPinTypeGPIOInput  driverlib-cm4f.lib(gpio.o)
    0x0000b91c   0x0000001c   Code   RO         1266    i.GPIOPinTypeGPIOOutput  driverlib-cm4f.lib(gpio.o)
    0x0000b938   0x0000001c   Code   RO         1267    i.GPIOPinTypeGPIOOutputOD  driverlib-cm4f.lib(gpio.o)
    0x0000b954   0x0000001c   Code   RO         1274    i.GPIOPinTypePWM    driverlib-cm4f.lib(gpio.o)
    0x0000b970   0x0000001c   Code   RO         1278    i.GPIOPinTypeUART   driverlib-cm4f.lib(gpio.o)
    0x0000b98c   0x00000006   Code   RO         1281    i.GPIOPinWrite      driverlib-cm4f.lib(gpio.o)
    0x0000b992   0x00000002   PAD
    0x0000b994   0x00000064   Code   RO         1520    i.IntEnable         driverlib-cm4f.lib(interrupt.o)
    0x0000b9f8   0x0000000a   Code   RO         1522    i.IntMasterEnable   driverlib-cm4f.lib(interrupt.o)
    0x0000ba02   0x00000002   PAD
    0x0000ba04   0x00000034   Code   RO         1531    i.IntRegister       driverlib-cm4f.lib(interrupt.o)
    0x0000ba38   0x00000026   Code   RO         1625    i.PWMGenConfigure   driverlib-cm4f.lib(pwm.o)
    0x0000ba5e   0x0000000a   Code   RO         1627    i.PWMGenEnable      driverlib-cm4f.lib(pwm.o)
    0x0000ba68   0x00000012   Code   RO         1640    i.PWMGenPeriodSet   driverlib-cm4f.lib(pwm.o)
    0x0000ba7a   0x00000010   Code   RO         1647    i.PWMOutputState    driverlib-cm4f.lib(pwm.o)
    0x0000ba8a   0x00000020   Code   RO         1649    i.PWMPulseWidthSet  driverlib-cm4f.lib(pwm.o)
    0x0000baaa   0x00000002   PAD
    0x0000baac   0x00000230   Code   RO         1834    i.SysCtlClockGet    driverlib-cm4f.lib(sysctl.o)
    0x0000bcdc   0x0000016c   Code   RO         1835    i.SysCtlClockSet    driverlib-cm4f.lib(sysctl.o)
    0x0000be48   0x00000014   Code   RO         1857    i.SysCtlPWMClockSet  driverlib-cm4f.lib(sysctl.o)
    0x0000be5c   0x00000050   Code   RO         1862    i.SysCtlPeripheralEnable  driverlib-cm4f.lib(sysctl.o)
    0x0000beac   0x0000000e   Code   RO         2133    i.SysTickEnable     driverlib-cm4f.lib(systick.o)
    0x0000beba   0x0000000e   Code   RO         2135    i.SysTickIntEnable  driverlib-cm4f.lib(systick.o)
    0x0000bec8   0x00000018   Code   RO         2136    i.SysTickIntRegister  driverlib-cm4f.lib(systick.o)
    0x0000bee0   0x0000000a   Code   RO         2139    i.SysTickPeriodSet  driverlib-cm4f.lib(systick.o)
    0x0000beea   0x00000010   Code   RO         2202    i.UARTCharGetNonBlocking  driverlib-cm4f.lib(uart.o)
    0x0000befa   0x0000006e   Code   RO         2209    i.UARTConfigSetExpClk  driverlib-cm4f.lib(uart.o)
    0x0000bf68   0x00000008   Code   RO         2224    i.UARTIntEnable     driverlib-cm4f.lib(uart.o)
    0x0000bf70   0x00000030   Code   RO         2774    i.__ARM_fpclassify  m_wm.l(fpclassify.o)
    0x0000bfa0   0x00000026   Code   RO         2776    i.__ARM_fpclassifyf  m_wm.l(fpclassifyf.o)
    0x0000bfc6   0x0000000e   Code   RO          925    i.__ARM_isnanf      vector3f.o
    0x0000bfd4   0x00000004   PAD
    0x0000bfd8   0x00000370   Code   RO         2550    i.__hardfp_asin     m_wm.l(asin.o)
    0x0000c348   0x000002e8   Code   RO         2564    i.__hardfp_atan     m_wm.l(atan.o)
    0x0000c630   0x000001e0   Code   RO         2578    i.__hardfp_atan2    m_wm.l(atan2.o)
    0x0000c810   0x000000d8   Code   RO         2590    i.__hardfp_cos      m_wm.l(cos.o)
    0x0000c8e8   0x0000015c   Code   RO         2602    i.__hardfp_cosf     m_wm.l(cosf.o)
    0x0000ca44   0x00000014   Code   RO         2614    i.__hardfp_fabs     m_wm.l(fabs.o)
    0x0000ca58   0x000000d8   Code   RO         2620    i.__hardfp_sin      m_wm.l(sin.o)
    0x0000cb30   0x0000007a   Code   RO         2632    i.__hardfp_sqrt     m_wm.l(sqrt.o)
    0x0000cbaa   0x00000002   PAD
    0x0000cbac   0x00000168   Code   RO         2644    i.__hardfp_tanf     m_wm.l(tanf.o)
    0x0000cd14   0x00000004   PAD
    0x0000cd18   0x00000458   Code   RO         2783    i.__ieee754_rem_pio2  m_wm.l(rred.o)
    0x0000d170   0x00000170   Code   RO         2769    i.__kernel_cos      m_wm.l(cos_i.o)
    0x0000d2e0   0x000000f8   Code   RO         2780    i.__kernel_poly     m_wm.l(poly.o)
    0x0000d3d8   0x00000130   Code   RO         2791    i.__kernel_sin      m_wm.l(sin_i.o)
    0x0000d508   0x00000020   Code   RO         2772    i.__mathlib_dbl_underflow  m_wm.l(dunder.o)
    0x0000d528   0x00000010   Code   RO         2778    i.__mathlib_flt_underflow  m_wm.l(funder.o)
    0x0000d538   0x00000140   Code   RO         2788    i.__mathlib_rredf2  m_wm.l(rredf.o)
    0x0000d678   0x0000000e   Code   RO         2719    i._is_digit         c_w.l(__printf_wp.o)
    0x0000d686   0x00000010   Code   RO         2566    i.atan              m_wm.l(atan.o)
    0x0000d696   0x00000020   Code   RO         2616    i.fabs              m_wm.l(fabs.o)
    0x0000d6b6   0x0000006e   Code   RO         2634    i.sqrt              m_wm.l(sqrt.o)
    0x0000d724   0x0000002c   Code   RO         2878    locale$$code        c_w.l(lc_numeric_c.o)
    0x0000d750   0x0000002c   Code   RO         2893    locale$$code        c_w.l(lc_ctype_c.o)
    0x0000d77c   0x00000018   Code   RO         2514    x$fpl$basic         fz_wm.l(basic.o)
    0x0000d794   0x00000062   Code   RO         2516    x$fpl$d2f           fz_wm.l(d2f.o)
    0x0000d7f6   0x00000002   PAD
    0x0000d7f8   0x00000150   Code   RO         2518    x$fpl$dadd          fz_wm.l(daddsub_clz.o)
    0x0000d948   0x00000018   Code   RO         2754    x$fpl$dcmpinf       fz_wm.l(dcmpi.o)
    0x0000d960   0x000002b0   Code   RO         2525    x$fpl$ddiv          fz_wm.l(ddiv.o)
    0x0000dc10   0x0000005e   Code   RO         2528    x$fpl$dfix          fz_wm.l(dfix.o)
    0x0000dc6e   0x00000002   PAD
    0x0000dc70   0x0000005a   Code   RO         2532    x$fpl$dfixu         fz_wm.l(dfixu.o)
    0x0000dcca   0x0000002e   Code   RO         2537    x$fpl$dflt          fz_wm.l(dflt_clz.o)
    0x0000dcf8   0x00000026   Code   RO         2536    x$fpl$dfltu         fz_wm.l(dflt_clz.o)
    0x0000dd1e   0x00000002   PAD
    0x0000dd20   0x00000078   Code   RO         2542    x$fpl$dleqf         fz_wm.l(dleqf.o)
    0x0000dd98   0x00000154   Code   RO         2544    x$fpl$dmul          fz_wm.l(dmul.o)
    0x0000deec   0x0000009c   Code   RO         2756    x$fpl$dnaninf       fz_wm.l(dnaninf.o)
    0x0000df88   0x0000000c   Code   RO         2758    x$fpl$dretinf       fz_wm.l(dretinf.o)
    0x0000df94   0x0000006c   Code   RO         2546    x$fpl$drleqf        fz_wm.l(drleqf.o)
    0x0000e000   0x00000016   Code   RO         2519    x$fpl$drsb          fz_wm.l(daddsub_clz.o)
    0x0000e016   0x00000002   PAD
    0x0000e018   0x00000198   Code   RO         2760    x$fpl$dsqrt         fz_wm.l(dsqrt_umaal.o)
    0x0000e1b0   0x000001d4   Code   RO         2520    x$fpl$dsub          fz_wm.l(daddsub_clz.o)
    0x0000e384   0x00000056   Code   RO         2548    x$fpl$f2d           fz_wm.l(f2d.o)
    0x0000e3da   0x0000008c   Code   RO         2762    x$fpl$fnaninf       fz_wm.l(fnaninf.o)
    0x0000e466   0x0000000a   Code   RO         2959    x$fpl$fpinit        fz_wm.l(fpinit.o)
    0x0000e470   0x0000000a   Code   RO         2764    x$fpl$fretinf       fz_wm.l(fretinf.o)
    0x0000e47a   0x00000004   Code   RO         2766    x$fpl$printf1       fz_wm.l(printf1.o)
    0x0000e47e   0x00000000   Code   RO         2768    x$fpl$usenofp       fz_wm.l(usenofp.o)
    0x0000e47e   0x00000002   PAD
    0x0000e480   0x000000ad   Data   RO           13    .constdata          inv_mpu.o
    0x0000e52d   0x00000bf6   Data   RO          225    .constdata          inv_mpu_dmp_motion_driver.o
    0x0000f123   0x00000001   PAD
    0x0000f124   0x00000044   Data   RO          583    .constdata          uartstdio.o
    0x0000f168   0x00000078   Data   RO         1284    .constdata          driverlib-cm4f.lib(gpio.o)
    0x0000f1e0   0x00000104   Data   RO         1533    .constdata          driverlib-cm4f.lib(interrupt.o)
    0x0000f2e4   0x000001c4   Data   RO         1878    .constdata          driverlib-cm4f.lib(sysctl.o)
    0x0000f4a8   0x00000050   Data   RO         2553    .constdata          m_wm.l(asin.o)
    0x0000f4f8   0x00000098   Data   RO         2567    .constdata          m_wm.l(atan.o)
    0x0000f590   0x00000008   Data   RO         2678    .constdata          c_w.l(_printf_wctomb.o)
    0x0000f598   0x00000028   Data   RO         2707    .constdata          c_w.l(_printf_hex_int_ll_ptr.o)
    0x0000f5c0   0x00000011   Data   RO         2727    .constdata          c_w.l(__printf_flags_ss_wp.o)
    0x0000f5d1   0x00000007   PAD
    0x0000f5d8   0x00000030   Data   RO         2770    .constdata          m_wm.l(cos_i.o)
    0x0000f608   0x00000008   Data   RO         2782    .constdata          m_wm.l(qnan.o)
    0x0000f610   0x000000c8   Data   RO         2785    .constdata          m_wm.l(rred.o)
    0x0000f6d8   0x00000020   Data   RO         2789    .constdata          m_wm.l(rredf.o)
    0x0000f6f8   0x00000028   Data   RO         2792    .constdata          m_wm.l(sin_i.o)
    0x0000f720   0x00000094   Data   RO         2853    .constdata          c_w.l(bigflt0.o)
    0x0000f7b4   0x00000011   Data   RO          584    .conststring        uartstdio.o
    0x0000f7c5   0x00000003   PAD
    0x0000f7c8   0x00000020   Data   RO         3020    Region$$Table       anon$$obj.o
    0x0000f7e8   0x0000001c   Data   RO         2877    locale$$data        c_w.l(lc_numeric_c.o)
    0x0000f804   0x00000110   Data   RO         2892    locale$$data        c_w.l(lc_ctype_c.o)


    Execution Region RW_IRAM1 (Base: 0x20000000, Size: 0x000051f8, Max: 0x00008000, ABSOLUTE, COMPRESSED[0x00000040])

    Base Addr    Size         Type   Attr      Idx    E Section Name        Object

    0x20000000   0x00000038   Data   RW           14    .data               inv_mpu.o
    0x20000038   0x00000024   Data   RW          391    .data               mpu_tool.o
    0x2000005c   0x00000021   Data   RW          420    .data               ccdandcsb.o
    0x2000007d   0x00000003   PAD
    0x20000080   0x00000010   Data   RW          501    .data               cmd.o
    0x20000090   0x00000003   Data   RW          520    .data               ap_opticalflow_adns3080.o
    0x20000093   0x00000001   PAD
    0x20000094   0x00000040   Data   RW          535    .data               ap_opticalflow.o
    0x200000d4   0x00000020   Data   RW          565    .data               mpu6050.o
    0x200000f4   0x00000005   Data   RW          585    .data               uartstdio.o
    0x200000f9   0x00000003   PAD
    0x200000fc   0x0000001d   Data   RW          627    .data               uart_user.o
    0x20000119   0x00000003   PAD
    0x2000011c   0x00000004   Data   RW          659    .data               sys.o
    0x20000120   0x00000004   Data   RW          677    .data               timer_user.o
    0x20000124   0x00000004   Data   RW          706    .data               fc_pid.o
    0x20000128   0x00000091   Data   RW          839    .data               arducopter.o
    0x200001b9   0x00000247   PAD
    0x20000400   0x0000026c   Data   RW         1534    vtable              driverlib-cm4f.lib(interrupt.o)
    0x2000066c   0x00000018   Zero   RW           12    .bss                inv_mpu.o
    0x20000684   0x00000010   Zero   RW          224    .bss                inv_mpu_dmp_motion_driver.o
    0x20000694   0x000003e8   Zero   RW          256    .bss                debug.o
    0x20000a7c   0x00000200   Zero   RW          419    .bss                ccdandcsb.o
    0x20000c7c   0x00000020   Zero   RW          500    .bss                cmd.o
    0x20000c9c   0x00000078   Zero   RW          564    .bss                mpu6050.o
    0x20000d14   0x00000210   Zero   RW          645    .bss                usart.o
    0x20000f24   0x000001c0   Zero   RW          722    .bss                parameters.o
    0x200010e4   0x000000b4   Zero   RW          838    .bss                arducopter.o
    0x20001198   0x00000060   Zero   RW         2837    .bss                c_w.l(libspace.o)
    0x200011f8   0x00002000   Zero   RW            2    HEAP                startup.o
    0x200031f8   0x00002000   Zero   RW            1    STACK               startup.o


==============================================================================

Image component sizes


      Code (inc. data)   RO Data    RW Data    ZI Data      Debug   Object Name

       804         32          0          0          0       2967   ap_math.o
      1402         28          0          0          0       4107   ap_motorsquard.o
       512         76          0         64          0       2111   ap_opticalflow.o
      1468        104          0          3          0       4742   ap_opticalflow_adns3080.o
      1844        250          0        145        180       6477   arducopter.o
      1448         92          0         33        512       7060   ccdandcsb.o
      1572        256          0         16         32       4424   cmd.o
        40          6          0          0       1000       2358   debug.o
        26          0          0          0          0        511   delay.o
       208          6          0          0          0       2110   fc_pi.o
      1044         22          0          4          0       4976   fc_pid.o
      9668        356        173         56         24      29764   inv_mpu.o
      3472        142       3062          0         16      14975   inv_mpu_dmp_motion_driver.o
       232         22          0          0          0       5999   main.o
      2240          4          0          0          0       5487   matrix3f.o
      1996         48          0         32        120       7698   mpu6050.o
      5008        198          0         36          0       5948   mpu_tool.o
       368         94          0          0        448       1281   parameters.o
       676         48          0          0          0        883   pwm.o
      1064         82          0          0          0       2389   rate_controller.o
       284          8          0          0          0       2312   rc_channel.o
       672        642          0          0      16384        408   startup.o
       144         12          0          4          0       1413   sys.o
       352         34          0          4          0        940   timer_user.o
       416         52          0         29          0       1755   uart_user.o
       972         42         85          5          0       3359   uartstdio.o
       332          4          0          0        528       2768   usart.o
      1550         24          0          0          0       4748   vector3f.o

    ----------------------------------------------------------------------
     39820       2684       3356       1024      19244     133970   Object Totals
         0          0         32          0          0          0   (incl. Generated)
         6          0          4        593          0          0   (incl. Padding)

    ----------------------------------------------------------------------

      Code (inc. data)   RO Data    RW Data    ZI Data      Debug   Library Member Name

        90          0          0          0          0          0   __dczerorl2.o
         8          0          0          0          0         68   __main.o
       396          6         17          0          0         92   __printf_flags_ss_wp.o
        14          0          0          0          0         68   __printf_wp.o
        52          8          0          0          0          0   __scatter.o
        28          0          0          0          0          0   __scatter_zi.o
         6          0          0          0          0          0   _printf_a.o
         6          0          0          0          0          0   _printf_c.o
        44          0          0          0          0        108   _printf_char.o
        48          6          0          0          0         96   _printf_char_common.o
        42          0          0          0          0         68   _printf_charcount.o
         6          0          0          0          0          0   _printf_d.o
       120         18          0          0          0         92   _printf_dec.o
         6          0          0          0          0          0   _printf_e.o
         6          0          0          0          0          0   _printf_f.o
      1056          0          0          0          0        216   _printf_fp_dec.o
       128         16          0          0          0         84   _printf_fp_infnan.o
         6          0          0          0          0          0   _printf_g.o
       156          6         40          0          0        160   _printf_hex_int_ll_ptr.o
         6          0          0          0          0          0   _printf_i.o
       184          0          0          0          0         88   _printf_intcommon.o
        10          0          0          0          0          0   _printf_l.o
         6          0          0          0          0          0   _printf_lc.o
        10          0          0          0          0          0   _printf_ll.o
         6          0          0          0          0          0   _printf_lld.o
         6          0          0          0          0          0   _printf_lli.o
         6          0          0          0          0          0   _printf_llo.o
         6          0          0          0          0          0   _printf_llu.o
         6          0          0          0          0          0   _printf_llx.o
       120         16          0          0          0         92   _printf_longlong_dec.o
         6          0          0          0          0          0   _printf_ls.o
         6          0          0          0          0          0   _printf_n.o
         6          0          0          0          0          0   _printf_o.o
       120          8          0          0          0        124   _printf_oct_int_ll.o
         6          0          0          0          0          0   _printf_p.o
        82          0          0          0          0        108   _printf_pad.o
         0          0          0          0          0          0   _printf_percent.o
         4          0          0          0          0          0   _printf_percent_end.o
         6          0          0          0          0          0   _printf_s.o
        82          0          0          0          0         80   _printf_str.o
        36          0          0          0          0         84   _printf_truncate.o
         6          0          0          0          0          0   _printf_u.o
        44          0          0          0          0        108   _printf_wchar.o
       188          6          8          0          0         92   _printf_wctomb.o
         6          0          0          0          0          0   _printf_x.o
        22          0          0          0          0        100   _rserrno.o
        10          0          0          0          0         68   _sputc.o
        64          0          0          0          0         92   _wcrtomb.o
        16          0          0          0          0         68   aeabi_memset.o
       228          6        148          0          0         96   bigflt0.o
      1910        128          0          0          0        672   btod.o
        36          4          0          0          0         76   c89vsprintf.o
        12          0          0          0          0         72   exit.o
         6          0          0          0          0        152   heapauxi.o
         0          0          0          0          0          0   indicate_semi.o
        44         10        272          0          0         76   lc_ctype_c.o
        44         10         28          0          0         76   lc_numeric_c.o
         2          0          0          0          0          0   libinit.o
        34          0          0          0          0          0   libinit2.o
         2          0          0          0          0          0   libshutdown.o
         2          0          0          0          0          0   libshutdown2.o
         8          4          0          0         96         68   libspace.o
        72          0          0          0          0         76   llsdiv.o
       138          0          0          0          0         80   lludiv10.o
       238          0          0          0          0        100   lludivv7m.o
        88          0          0          0          0         76   memcmp.o
        16          4          0          0          0         76   rt_ctype_table.o
         8          4          0          0          0         68   rt_errno_addr_intlibspace.o
         8          4          0          0          0         68   rt_locale_intlibspace.o
        68          0          0          0          0         68   rt_memclr.o
        78          0          0          0          0         80   rt_memclr_w.o
       138          0          0          0          0         68   rt_memcpy_v6.o
       100          0          0          0          0         80   rt_memcpy_w.o
         0          0          0          0          0          0   rtentry.o
        12          0          0          0          0          0   rtentry2.o
         6          0          0          0          0          0   rtentry4.o
         2          0          0          0          0          0   rtexit.o
        10          0          0          0          0          0   rtexit2.o
       128          0          0          0          0         68   strcmpv7m.o
        12          4          0          0          0         68   sys_exit.o
        74          0          0          0          0         80   sys_stackheap_outer.o
         2          0          0          0          0         68   use_no_semi.o
       326          0          0          0          0       7522   adc.o
        38          0          0          0          0        544   cpu.o
        32          8          0          0          0        860   fpu.o
       560          8        120          0          0       9718   gpio.o
       162         16        260        620          0       2604   interrupt.o
       114          0          0          0          0       2823   pwm.o
      1030         82        452          0          0       5147   sysctl.o
        62          0          0          0          0       1895   systick.o
       134          0          0          0          0       2588   uart.o
        24          0          0          0          0        164   basic.o
        98          4          0          0          0        140   d2f.o
       826         16          0          0          0        492   daddsub_clz.o
        24          0          0          0          0        116   dcmpi.o
       688        140          0          0          0        256   ddiv.o
        94          4          0          0          0        140   dfix.o
        90          4          0          0          0        140   dfixu.o
        84          0          0          0          0        232   dflt_clz.o
       120          4          0          0          0        140   dleqf.o
       340         12          0          0          0        152   dmul.o
       156          4          0          0          0        140   dnaninf.o
        12          0          0          0          0        116   dretinf.o
       108          0          0          0          0        128   drleqf.o
       408         56          0          0          0        168   dsqrt_umaal.o
        86          4          0          0          0        132   f2d.o
       140          4          0          0          0        132   fnaninf.o
        10          0          0          0          0        116   fpinit.o
        10          0          0          0          0        116   fretinf.o
         4          0          0          0          0        116   printf1.o
         0          0          0          0          0          0   usenofp.o
       880        106         80          0          0        200   asin.o
       760        108        152          0          0        344   atan.o
       480         64          0          0          0        156   atan2.o
       216         16          0          0          0        152   cos.o
       368         46         48          0          0        200   cos_i.o
       348         66          0          0          0        124   cosf.o
        32          8          0          0          0        124   dunder.o
        52          0          0          0          0        248   fabs.o
        48          0          0          0          0        124   fpclassify.o
        38          0          0          0          0        116   fpclassifyf.o
        16          6          0          0          0        116   funder.o
       248          0          0          0          0        152   poly.o
         0          0          8          0          0          0   qnan.o
      1112        140        200          0          0        188   rred.o
       320         24         32          0          0        160   rredf.o
       216         16          0          0          0        152   sin.o
       304         24         40          0          0        208   sin_i.o
       232          0          0          0          0        296   sqrt.o
       360         60          0          0          0        156   tanf.o

    ----------------------------------------------------------------------
     18676       1322       1912        620         96      44621   Library Totals
        46          4          7          0          0          0   (incl. Padding)

    ----------------------------------------------------------------------

      Code (inc. data)   RO Data    RW Data    ZI Data      Debug   Library Name

      6820        268        513          0         96       4568   c_w.l
      2458        114        832        620          0      33701   driverlib-cm4f.lib
      3322        252          0          0          0       3136   fz_wm.l
      6030        684        560          0          0       3216   m_wm.l

    ----------------------------------------------------------------------
     18676       1322       1912        620         96      44621   Library Totals

    ----------------------------------------------------------------------

==============================================================================


      Code (inc. data)   RO Data    RW Data    ZI Data      Debug   

     58496       4006       5268       1644      19340     162539   Grand Totals
     58496       4006       5268         64      19340     162539   ELF Image Totals (compressed)
     58496       4006       5268         64          0          0   ROM Totals

==============================================================================

    Total RO  Size (Code + RO Data)                63764 (  62.27kB)
    Total RW  Size (RW Data + ZI Data)             20984 (  20.49kB)
    Total ROM Size (Code + RO Data + RW Data)      63828 (  62.33kB)

==============================================================================

